# NOTE: Do not modify this file.
#
# This file is generated via the -XX:DumpLoadedClassList=<class_list_file> option
# and is used at CDS archive dump time (see -Xshare:dump).
#
java/lang/Object id: 0
java/io/Serializable id: 1
java/lang/Comparable id: 2
java/lang/CharSequence id: 3
java/lang/constant/Constable id: 4
java/lang/constant/ConstantDesc id: 5
java/lang/String id: 6
java/lang/reflect/AnnotatedElement id: 7
java/lang/reflect/GenericDeclaration id: 8
java/lang/reflect/Type id: 9
java/lang/invoke/TypeDescriptor id: 10
java/lang/invoke/TypeDescriptor$OfField id: 11
java/lang/Class id: 12
java/lang/Cloneable id: 13
java/lang/ClassLoader id: 14
java/lang/System id: 15
java/lang/Throwable id: 16
java/lang/Error id: 17
java/lang/Exception id: 18
java/lang/RuntimeException id: 19
java/security/ProtectionDomain id: 20
java/security/SecureClassLoader id: 21
java/lang/ReflectiveOperationException id: 22
java/lang/ClassNotFoundException id: 23
java/lang/Record id: 24
java/lang/LinkageError id: 25
java/lang/NoClassDefFoundError id: 26
java/lang/ClassCastException id: 27
java/lang/ArrayStoreException id: 28
java/lang/VirtualMachineError id: 29
java/lang/InternalError id: 30
java/lang/OutOfMemoryError id: 31
java/lang/StackOverflowError id: 32
java/lang/IllegalMonitorStateException id: 33
java/lang/ref/Reference id: 34
java/lang/IllegalCallerException id: 35
java/lang/ref/SoftReference id: 36
java/lang/ref/WeakReference id: 37
java/lang/ref/FinalReference id: 38
java/lang/ref/PhantomReference id: 39
java/lang/ref/Finalizer id: 40
java/lang/Runnable id: 41
java/lang/Thread id: 42
java/lang/Thread$FieldHolder id: 43
java/lang/Thread$Constants id: 44
java/lang/Thread$UncaughtExceptionHandler id: 45
java/lang/ThreadGroup id: 46
java/lang/BaseVirtualThread id: 47
java/lang/VirtualThread id: 48
java/lang/ThreadBuilders$BoundVirtualThread id: 49
java/util/Dictionary id: 50
java/util/Map id: 51
java/util/Hashtable id: 52
java/util/Properties id: 53
java/lang/Module id: 54
java/lang/reflect/AccessibleObject id: 55
java/lang/reflect/Member id: 56
java/lang/reflect/Field id: 57
java/lang/reflect/Parameter id: 58
java/lang/reflect/Executable id: 59
java/lang/reflect/Method id: 60
java/lang/reflect/Constructor id: 61
jdk/internal/vm/ContinuationScope id: 62
jdk/internal/vm/Continuation id: 63
jdk/internal/vm/StackChunk id: 64
jdk/internal/reflect/MethodAccessor id: 65
jdk/internal/reflect/MethodAccessorImpl id: 66
jdk/internal/reflect/ConstantPool id: 67
java/lang/annotation/Annotation id: 68
jdk/internal/reflect/CallerSensitive id: 69
jdk/internal/reflect/ConstructorAccessor id: 70
jdk/internal/reflect/ConstructorAccessorImpl id: 71
jdk/internal/reflect/DirectConstructorHandleAccessor$NativeAccessor id: 72
java/lang/invoke/MethodHandle id: 73
java/lang/invoke/DirectMethodHandle id: 74
java/lang/invoke/VarHandle id: 75
java/lang/invoke/MemberName id: 76
java/lang/invoke/ResolvedMethodName id: 77
java/lang/invoke/MethodHandleNatives id: 78
java/lang/invoke/LambdaForm id: 79
java/lang/invoke/TypeDescriptor$OfMethod id: 80
java/lang/invoke/MethodType id: 81
java/lang/BootstrapMethodError id: 82
java/lang/invoke/CallSite id: 83
jdk/internal/foreign/abi/NativeEntryPoint id: 84
jdk/internal/foreign/abi/ABIDescriptor id: 85
jdk/internal/foreign/abi/VMStorage id: 86
jdk/internal/foreign/abi/UpcallLinker$CallRegs id: 87
java/lang/invoke/ConstantCallSite id: 88
java/lang/invoke/MutableCallSite id: 89
java/lang/invoke/VolatileCallSite id: 90
java/lang/AssertionStatusDirectives id: 91
java/lang/Appendable id: 92
java/lang/AbstractStringBuilder id: 93
java/lang/StringBuffer id: 94
java/lang/StringBuilder id: 95
jdk/internal/misc/UnsafeConstants id: 96
jdk/internal/misc/Unsafe id: 97
jdk/internal/module/Modules id: 98
java/lang/AutoCloseable id: 99
java/io/Closeable id: 100
java/io/InputStream id: 101
java/io/ByteArrayInputStream id: 102
java/net/URL id: 103
java/lang/Enum id: 104
java/util/jar/Manifest id: 105
jdk/internal/loader/BuiltinClassLoader id: 106
jdk/internal/loader/ClassLoaders id: 107
jdk/internal/loader/ClassLoaders$AppClassLoader id: 108
jdk/internal/loader/ClassLoaders$PlatformClassLoader id: 109
java/security/CodeSource id: 110
java/util/AbstractMap id: 111
java/util/concurrent/ConcurrentMap id: 112
java/util/concurrent/ConcurrentHashMap id: 113
java/lang/Iterable id: 114
java/util/Collection id: 115
java/util/AbstractCollection id: 116
java/util/SequencedCollection id: 117
java/util/List id: 118
java/util/AbstractList id: 119
java/util/RandomAccess id: 120
java/util/ArrayList id: 121
java/lang/StackTraceElement id: 122
java/nio/Buffer id: 123
java/lang/StackWalker id: 124
java/lang/StackStreamFactory$AbstractStackWalker id: 125
java/lang/StackWalker$StackFrame id: 126
java/lang/ClassFrameInfo id: 127
java/lang/StackFrameInfo id: 128
java/lang/LiveStackFrame id: 129
java/lang/LiveStackFrameInfo id: 130
java/util/concurrent/locks/AbstractOwnableSynchronizer id: 131
java/lang/Boolean id: 132
java/lang/Character id: 133
java/lang/Number id: 134
java/lang/Float id: 135
java/lang/Double id: 136
java/lang/Byte id: 137
java/lang/Short id: 138
java/lang/Integer id: 139
java/lang/Long id: 140
java/lang/Void id: 141
java/util/Iterator id: 142
java/lang/reflect/RecordComponent id: 143
jdk/internal/vm/vector/VectorSupport id: 144
jdk/internal/vm/vector/VectorSupport$VectorPayload id: 145
jdk/internal/vm/vector/VectorSupport$Vector id: 146
jdk/internal/vm/vector/VectorSupport$VectorMask id: 147
jdk/internal/vm/vector/VectorSupport$VectorShuffle id: 148
jdk/internal/vm/FillerObject id: 149
java/lang/Integer$IntegerCache id: 150
java/lang/Long$LongCache id: 151
java/lang/Byte$ByteCache id: 152
java/lang/Short$ShortCache id: 153
java/lang/Character$CharacterCache id: 154
java/util/jar/Attributes$Name id: 155
java/util/ImmutableCollections$AbstractImmutableMap id: 156
java/util/ImmutableCollections$MapN id: 157
sun/util/locale/BaseLocale id: 158
jdk/internal/module/ArchivedModuleGraph id: 159
java/lang/module/ModuleFinder id: 160
jdk/internal/module/SystemModuleFinders$SystemModuleFinder id: 161
java/util/ImmutableCollections$AbstractImmutableCollection id: 162
java/util/Set id: 163
java/util/ImmutableCollections$AbstractImmutableSet id: 164
java/util/ImmutableCollections$SetN id: 165
java/lang/module/ModuleReference id: 166
jdk/internal/module/ModuleReferenceImpl id: 167
java/lang/module/ModuleDescriptor id: 168
java/lang/module/ModuleDescriptor$Version id: 169
java/util/ImmutableCollections$Set12 id: 170
java/lang/module/ModuleDescriptor$Requires id: 171
java/lang/module/ModuleDescriptor$Requires$Modifier id: 172
java/lang/module/ModuleDescriptor$Exports id: 173
java/lang/module/ModuleDescriptor$Provides id: 174
java/util/ImmutableCollections$AbstractImmutableList id: 175
java/util/ImmutableCollections$List12 id: 176
java/net/URI id: 177
java/util/function/Supplier id: 178
jdk/internal/module/SystemModuleFinders$1 id: 179
jdk/internal/module/ModuleHashes$HashSupplier id: 180
jdk/internal/module/SystemModuleFinders$2 id: 181
java/util/ImmutableCollections$ListN id: 182
java/lang/module/ModuleDescriptor$Opens id: 183
jdk/internal/module/ModuleTarget id: 184
jdk/internal/module/ModuleHashes id: 185
java/util/Collections$UnmodifiableMap id: 186
java/util/HashMap id: 187
java/util/Map$Entry id: 188
java/util/HashMap$Node id: 189
java/lang/module/Configuration id: 190
java/lang/module/ResolvedModule id: 191
java/util/function/Function id: 192
jdk/internal/module/ModuleLoaderMap$Mapper id: 193
java/util/ImmutableCollections id: 194
java/lang/ModuleLayer id: 195
jdk/internal/math/FDBigInteger id: 196
jdk/internal/loader/ArchivedClassLoaders id: 197
jdk/internal/loader/ClassLoaders$BootClassLoader id: 198
java/security/Principal id: 199
jdk/internal/loader/NativeLibraries id: 200
java/util/concurrent/ConcurrentHashMap$Node id: 201
jdk/internal/module/ServicesCatalog id: 202
java/util/concurrent/CopyOnWriteArrayList id: 203
jdk/internal/module/ServicesCatalog$ServiceProvider id: 204
java/util/AbstractSet id: 205
java/util/HashSet id: 206
jdk/internal/loader/BuiltinClassLoader$LoadedModule id: 207
jdk/internal/module/ArchivedBootLayer id: 208
java/lang/Module$ArchivedData id: 209
java/io/ObjectStreamField id: 210
java/util/Comparator id: 211
java/lang/String$CaseInsensitiveComparator id: 212
jdk/internal/misc/VM id: 213
jdk/internal/misc/CDS id: 214
jdk/internal/access/JavaLangReflectAccess id: 215
java/lang/reflect/ReflectAccess id: 216
jdk/internal/access/SharedSecrets id: 217
jdk/internal/reflect/ReflectionFactory id: 218
java/io/ObjectStreamClass id: 219
java/lang/Math id: 220
jdk/internal/reflect/ReflectionFactory$Config id: 221
jdk/internal/access/JavaLangRefAccess id: 222
java/lang/ref/Reference$1 id: 223
java/lang/ref/ReferenceQueue id: 224
java/lang/ref/ReferenceQueue$Null id: 225
java/lang/ref/ReferenceQueue$Lock id: 226
jdk/internal/access/JavaLangAccess id: 227
java/lang/System$1 id: 228
jdk/internal/util/SystemProps id: 229
jdk/internal/util/SystemProps$Raw id: 230
java/nio/charset/Charset id: 231
java/nio/charset/spi/CharsetProvider id: 232
sun/nio/cs/StandardCharsets id: 233
java/lang/StringLatin1 id: 234
jdk/internal/util/Preconditions id: 235
jdk/internal/util/Preconditions$1 id: 236
java/util/function/BiFunction id: 237
jdk/internal/util/Preconditions$4 id: 238
jdk/internal/util/Preconditions$2 id: 239
jdk/internal/util/Preconditions$3 id: 240
java/util/Arrays id: 241
sun/util/PreHashedMap id: 242
sun/nio/cs/StandardCharsets$Aliases id: 243
jdk/internal/util/ArraysSupport id: 244
sun/nio/cs/StandardCharsets$Cache id: 245
sun/nio/cs/HistoricallyNamedCharset id: 246
sun/nio/cs/Unicode id: 247
sun/nio/cs/UTF_8 id: 248
sun/nio/cs/ISO_8859_1 id: 249
sun/nio/cs/US_ASCII id: 250
java/nio/charset/StandardCharsets id: 251
sun/nio/cs/UTF_16BE id: 252
sun/nio/cs/UTF_16LE id: 253
sun/nio/cs/UTF_16 id: 254
sun/nio/cs/UTF_32BE id: 255
sun/nio/cs/UTF_32LE id: 256
sun/nio/cs/UTF_32 id: 257
sun/nio/cs/StandardCharsets$Classes id: 258
sun/nio/cs/GBK id: 259
java/lang/Class$ReflectionData id: 260
java/lang/Class$Atomic id: 261
jdk/internal/reflect/Reflection id: 262
java/util/Objects id: 263
java/lang/reflect/Modifier id: 264
jdk/internal/reflect/MethodHandleAccessorFactory id: 265
jdk/internal/reflect/DirectConstructorHandleAccessor id: 266
java/nio/charset/CharsetDecoder id: 267
sun/nio/cs/DelegatableDecoder id: 268
sun/nio/cs/ArrayDecoder id: 269
sun/nio/cs/DoubleByte$Decoder id: 270
sun/nio/cs/GBK$DecodeHolder id: 271
sun/nio/cs/DoubleByte id: 272
java/lang/StringUTF16 id: 273
java/nio/charset/CodingErrorAction id: 274
java/lang/StringCoding id: 275
java/util/LinkedHashMap$Entry id: 276
java/util/HashMap$TreeNode id: 277
java/lang/StringConcatHelper id: 278
java/lang/VersionProps id: 279
java/lang/Runtime id: 280
java/util/concurrent/locks/Lock id: 281
java/util/concurrent/locks/ReentrantLock id: 282
java/util/concurrent/ConcurrentHashMap$Segment id: 283
java/util/concurrent/ConcurrentHashMap$CounterCell id: 284
java/util/concurrent/locks/LockSupport id: 285
java/util/concurrent/ConcurrentHashMap$ReservationNode id: 286
java/util/HashMap$EntrySet id: 287
java/util/HashMap$HashIterator id: 288
java/util/HashMap$EntryIterator id: 289
jdk/internal/util/StaticProperty id: 290
java/io/FileInputStream id: 291
java/lang/System$In id: 292
java/io/FileDescriptor id: 293
jdk/internal/access/JavaIOFileDescriptorAccess id: 294
java/io/FileDescriptor$1 id: 295
java/io/Flushable id: 296
java/io/OutputStream id: 297
java/io/FileOutputStream id: 298
java/lang/System$Out id: 299
java/io/FilterInputStream id: 300
java/io/BufferedInputStream id: 301
java/io/FilterOutputStream id: 302
java/io/PrintStream id: 303
java/io/BufferedOutputStream id: 304
java/io/Writer id: 305
java/io/OutputStreamWriter id: 306
sun/nio/cs/StreamEncoder id: 307
java/nio/charset/CharsetEncoder id: 308
sun/nio/cs/ArrayEncoder id: 309
sun/nio/cs/DoubleByte$Encoder id: 310
sun/nio/cs/GBK$EncodeHolder id: 311
java/nio/ByteBuffer id: 312
jdk/internal/misc/ScopedMemoryAccess id: 313
java/nio/Buffer$1 id: 314
jdk/internal/access/JavaNioAccess id: 315
java/nio/Buffer$2 id: 316
java/nio/HeapByteBuffer id: 317
java/nio/ByteOrder id: 318
java/lang/Readable id: 319
java/nio/CharBuffer id: 320
java/nio/HeapCharBuffer id: 321
java/nio/charset/CoderResult id: 322
java/io/BufferedWriter id: 323
java/lang/Terminator id: 324
jdk/internal/misc/Signal$Handler id: 325
java/lang/Terminator$1 id: 326
jdk/internal/misc/Signal id: 327
java/util/Hashtable$Entry id: 328
jdk/internal/misc/Signal$NativeHandler id: 329
jdk/internal/misc/OSEnvironment id: 330
sun/io/Win32ErrorMode id: 331
java/lang/Thread$State id: 332
java/lang/ref/Reference$ReferenceHandler id: 333
java/lang/Thread$ThreadIdentifiers id: 334
java/lang/ref/Finalizer$FinalizerThread id: 335
java/util/Collections id: 336
java/util/Collections$EmptySet id: 337
java/util/Collections$EmptyList id: 338
java/util/Collections$EmptyMap id: 339
java/lang/NullPointerException id: 340
java/lang/ArithmeticException id: 341
java/lang/IndexOutOfBoundsException id: 342
java/lang/ArrayIndexOutOfBoundsException id: 343
java/lang/IllegalArgumentException id: 344
jdk/internal/ref/Cleaner id: 345
java/lang/invoke/MethodHandleStatics id: 346
java/lang/reflect/ClassFileFormatVersion id: 347
java/lang/CharacterData id: 348
java/lang/CharacterDataLatin1 id: 349
jdk/internal/util/ClassFileDumper id: 350
java/util/HexFormat id: 351
java/util/concurrent/atomic/AtomicInteger id: 352
jdk/internal/module/ModuleBootstrap id: 353
java/lang/invoke/MethodHandles id: 354
java/lang/invoke/MemberName$Factory id: 355
java/lang/invoke/MethodHandles$Lookup id: 356
java/lang/StrictMath id: 357
java/util/ImmutableCollections$MapN$1 id: 358
java/util/ImmutableCollections$MapN$MapNIterator id: 359
java/util/KeyValueHolder id: 360
sun/invoke/util/VerifyAccess id: 361
jdk/internal/access/JavaLangModuleAccess id: 362
java/lang/module/ModuleDescriptor$1 id: 363
java/io/File id: 364
java/io/DefaultFileSystem id: 365
java/io/FileSystem id: 366
java/io/WinNTFileSystem id: 367
jdk/internal/util/DecimalDigits id: 368
jdk/internal/module/ModulePatcher id: 369
jdk/internal/module/ModuleBootstrap$IllegalNativeAccess id: 370
jdk/internal/module/ModuleLoaderMap id: 371
jdk/internal/module/ModuleLoaderMap$Modules id: 372
jdk/internal/module/ModuleBootstrap$Counters id: 373
jdk/internal/loader/AbstractClassLoaderValue id: 374
jdk/internal/loader/ClassLoaderValue id: 375
jdk/internal/access/JavaNetUriAccess id: 376
java/net/URI$1 id: 377
java/security/cert/Certificate id: 378
java/lang/ClassLoader$ParallelLoaders id: 379
java/util/WeakHashMap id: 380
java/util/WeakHashMap$Entry id: 381
java/util/Collections$SetFromMap id: 382
java/util/WeakHashMap$KeySet id: 383
jdk/internal/loader/ClassLoaderHelper id: 384
java/util/concurrent/ConcurrentHashMap$CollectionView id: 385
java/util/concurrent/ConcurrentHashMap$KeySetView id: 386
jdk/internal/loader/BootLoader id: 387
java/lang/Module$EnableNativeAccess id: 388
jdk/internal/loader/URLClassPath id: 389
java/net/URLStreamHandlerFactory id: 390
java/net/URL$DefaultFactory id: 391
jdk/internal/access/JavaNetURLAccess id: 392
java/net/URL$1 id: 393
java/io/File$PathStatus id: 394
sun/net/www/ParseUtil id: 395
java/net/URLStreamHandler id: 396
sun/net/www/protocol/file/Handler id: 397
sun/net/util/IPAddressUtil id: 398
sun/net/util/IPAddressUtil$MASKS id: 399
java/util/Queue id: 400
java/util/Deque id: 401
java/util/ArrayDeque id: 402
sun/net/www/protocol/jar/Handler id: 403
jdk/internal/vm/ContinuationSupport id: 404
jdk/internal/vm/Continuation$Pinned id: 405
sun/launcher/LauncherHelper id: 406
sun/net/util/URLUtil id: 407
jdk/internal/loader/URLClassPath$Loader id: 408
jdk/internal/loader/URLClassPath$FileLoader id: 409
jdk/internal/loader/Resource id: 410
jdk/internal/loader/URLClassPath$FileLoader$1 id: 411
java/lang/ref/Cleaner$Cleanable id: 412
jdk/internal/ref/PhantomCleanable id: 413
java/io/FileCleanable id: 414
jdk/internal/ref/CleanerFactory id: 415
java/util/concurrent/ThreadFactory id: 416
jdk/internal/ref/CleanerFactory$1 id: 417
java/lang/ref/Cleaner id: 418
java/lang/ref/Cleaner$1 id: 419
jdk/internal/ref/CleanerImpl id: 420
jdk/internal/ref/CleanerImpl$CleanableList id: 421
jdk/internal/ref/CleanerImpl$CleanableList$Node id: 422
jdk/internal/ref/CleanerImpl$CleanerCleanable id: 423
jdk/internal/misc/InnocuousThread id: 424
sun/nio/ByteBuffered id: 425
java/io/FileInputStream$1 id: 426
java/security/SecureClassLoader$CodeSourceKey id: 427
java/security/SecureClassLoader$1 id: 428
java/security/PermissionCollection id: 429
java/security/Permissions id: 430
java/security/SecureClassLoader$DebugHolder id: 431
sun/security/util/Debug id: 432
TestApp id: 433
java/lang/NamedPackage id: 434
jdk/internal/misc/MethodFinder id: 435
jdk/internal/misc/PreviewFeatures id: 436
java/lang/PublicMethods$MethodList id: 437
java/lang/PublicMethods$Key id: 438
java/lang/management/ManagementFactory id: 439
jdk/internal/reflect/Reflection$1Holder id: 440
jdk/internal/loader/NativeLibraries$LibraryPaths id: 441
jdk/internal/loader/NativeLibraries$1 id: 442
jdk/internal/loader/NativeLibraries$CountedLock id: 443
java/util/concurrent/locks/AbstractQueuedSynchronizer id: 444
java/util/concurrent/locks/ReentrantLock$Sync id: 445
java/util/concurrent/locks/ReentrantLock$NonfairSync id: 446
jdk/internal/loader/NativeLibraries$NativeLibraryContext id: 447
jdk/internal/loader/NativeLibraries$NativeLibraryContext$1 id: 448
java/util/ArrayDeque$DeqIterator id: 449
jdk/internal/loader/NativeLibrary id: 450
jdk/internal/loader/NativeLibraries$NativeLibraryImpl id: 451
jdk/internal/loader/NativeLibraries$2 id: 452
java/lang/management/PlatformManagedObject id: 453
java/lang/management/RuntimeMXBean id: 454
java/lang/management/ManagementFactory$PlatformMBeanFinder id: 455
sun/management/spi/PlatformMBeanProvider id: 456
java/util/ServiceLoader id: 457
java/util/ServiceLoader$ModuleServicesLookupIterator id: 458
jdk/internal/loader/AbstractClassLoaderValue$Memoizer id: 459
java/util/ListIterator id: 460
java/util/ImmutableCollections$ListItr id: 461
java/util/ServiceLoader$LazyClassPathLookupIterator id: 462
java/util/ServiceLoader$1 id: 463
java/util/ServiceLoader$2 id: 464
java/util/concurrent/CopyOnWriteArrayList$COWIterator id: 465
com/sun/management/internal/PlatformMBeanProviderImpl id: 466
java/util/ServiceLoader$Provider id: 467
java/util/ServiceLoader$ProviderImpl id: 468
jdk/internal/reflect/MethodHandleAccessorFactory$LazyStaticHolder id: 469
java/lang/invoke/MethodHandleImpl id: 470
java/lang/invoke/LambdaForm$NamedFunction id: 471
jdk/internal/access/JavaLangInvokeAccess id: 472
java/lang/invoke/MethodHandleImpl$1 id: 473
sun/invoke/util/Wrapper id: 474
sun/invoke/util/Wrapper$Format id: 475
java/lang/constant/ConstantDescs id: 476
java/lang/constant/ClassDesc id: 477
jdk/internal/constant/ClassOrInterfaceDescImpl id: 478
jdk/internal/constant/ArrayClassDescImpl id: 479
jdk/internal/constant/ConstantUtils id: 480
java/lang/constant/DirectMethodHandleDesc$Kind id: 481
java/lang/constant/MethodTypeDesc id: 482
jdk/internal/constant/MethodTypeDescImpl id: 483
java/lang/constant/MethodHandleDesc id: 484
java/lang/constant/MethodHandleDesc$1 id: 485
java/lang/constant/DirectMethodHandleDesc id: 486
jdk/internal/constant/DirectMethodHandleDescImpl id: 487
jdk/internal/constant/DirectMethodHandleDescImpl$1 id: 488
java/lang/constant/DynamicConstantDesc id: 489
jdk/internal/constant/PrimitiveClassDescImpl id: 490
java/lang/constant/DynamicConstantDesc$AnonymousDynamicConstantDesc id: 491
java/lang/invoke/MethodType$1 id: 492
jdk/internal/util/ReferencedKeySet id: 493
jdk/internal/util/ReferencedKeyMap id: 494
jdk/internal/util/ReferenceKey id: 495
jdk/internal/util/StrongReferenceKey id: 496
java/lang/invoke/MethodTypeForm id: 497
jdk/internal/util/WeakReferenceKey id: 498
java/lang/invoke/DirectMethodHandle$Holder id: 499
java/lang/invoke/LambdaForm$Kind id: 500
java/lang/NoSuchMethodException id: 501
java/lang/invoke/LambdaForm$BasicType id: 502
java/lang/classfile/TypeKind id: 503
java/lang/reflect/Array id: 504
java/lang/invoke/LambdaForm$Name id: 505
java/lang/invoke/LambdaForm$Holder id: 506
java/lang/invoke/InvokerBytecodeGenerator id: 507
java/lang/classfile/AnnotationElement id: 508
java/lang/classfile/Annotation id: 509
java/lang/classfile/constantpool/ConstantPool id: 510
java/lang/classfile/constantpool/ConstantPoolBuilder id: 511
jdk/internal/classfile/impl/TemporaryConstantPool id: 512
jdk/internal/classfile/impl/AbstractPoolEntry id: 513
java/lang/classfile/constantpool/PoolEntry id: 514
java/lang/classfile/constantpool/AnnotationConstantValueEntry id: 515
java/lang/classfile/constantpool/Utf8Entry id: 516
jdk/internal/classfile/impl/AbstractPoolEntry$Utf8EntryImpl id: 517
jdk/internal/classfile/impl/AbstractPoolEntry$Utf8EntryImpl$State id: 518
jdk/internal/classfile/impl/AnnotationImpl id: 519
java/lang/classfile/ClassFileElement id: 520
java/lang/classfile/Attribute id: 521
java/lang/classfile/ClassElement id: 522
java/lang/classfile/MethodElement id: 523
java/lang/classfile/FieldElement id: 524
java/lang/classfile/attribute/RuntimeVisibleAnnotationsAttribute id: 525
jdk/internal/classfile/impl/AbstractElement id: 526
jdk/internal/classfile/impl/Util$Writable id: 527
jdk/internal/classfile/impl/UnboundAttribute id: 528
jdk/internal/classfile/impl/UnboundAttribute$UnboundRuntimeVisibleAnnotationsAttribute id: 529
java/lang/classfile/Attributes id: 530
java/lang/classfile/AttributeMapper id: 531
jdk/internal/classfile/impl/AbstractAttributeMapper id: 532
jdk/internal/classfile/impl/AbstractAttributeMapper$RuntimeVisibleAnnotationsMapper id: 533
java/lang/classfile/AttributeMapper$AttributeStability id: 534
java/lang/invoke/InvokerBytecodeGenerator$8 id: 535
java/lang/invoke/MethodHandleImpl$Intrinsic id: 536
@lambda-form-invoker [LF_RESOLVE] java.lang.invoke.DirectMethodHandle$Holder newInvokeSpecial L_L
java/lang/invoke/DirectMethodHandle$Constructor id: 537
sun/invoke/util/VerifyType id: 538
sun/invoke/empty/Empty id: 539
java/lang/invoke/Invokers id: 540
java/lang/invoke/VarHandle$AccessMode id: 541
java/lang/invoke/VarHandle$AccessType id: 542
java/lang/invoke/Invokers$Holder id: 543
@lambda-form-invoker [LF_RESOLVE] java.lang.invoke.DirectMethodHandle$Holder invokeSpecial LL_L
@lambda-form-invoker [LF_RESOLVE] java.lang.invoke.Invokers$Holder invokeExact_MT LL_L
sun/management/spi/PlatformMBeanProvider$PlatformComponent id: 544
com/sun/management/internal/PlatformMBeanProviderImpl$1 id: 545
java/util/stream/BaseStream id: 546
java/util/stream/Stream id: 547
java/util/Spliterators id: 548
java/util/Spliterator id: 549
java/util/Spliterators$ArraySpliterator id: 550
java/util/stream/StreamSupport id: 551
java/util/stream/PipelineHelper id: 552
java/util/stream/AbstractPipeline id: 553
java/util/stream/ReferencePipeline id: 554
java/util/stream/ReferencePipeline$Head id: 555
java/util/stream/StreamOpFlag id: 556
java/util/stream/StreamOpFlag$Type id: 557
java/util/stream/StreamOpFlag$MaskBuilder id: 558
java/util/EnumMap id: 559
java/util/EnumMap$1 id: 560
sun/reflect/annotation/AnnotationParser id: 561
sun/invoke/util/ValueConversions id: 562
@lambda-form-invoker [LF_RESOLVE] java.lang.invoke.DirectMethodHandle$Holder invokeStatic L_L
java/lang/invoke/BoundMethodHandle id: 563
java/lang/invoke/ClassSpecializer id: 564
java/lang/invoke/BoundMethodHandle$Specializer id: 565
jdk/internal/vm/annotation/Stable id: 566
java/lang/invoke/ClassSpecializer$1 id: 567
java/lang/invoke/ClassSpecializer$SpeciesData id: 568
java/lang/invoke/BoundMethodHandle$SpeciesData id: 569
java/lang/invoke/ClassSpecializer$Factory id: 570
java/lang/invoke/BoundMethodHandle$Specializer$Factory id: 571
java/lang/invoke/SimpleMethodHandle id: 572
@lambda-form-invoker [SPECIES_RESOLVE] java.lang.invoke.SimpleMethodHandle
@lambda-form-invoker [LF_RESOLVE] java.lang.invoke.DirectMethodHandle$Holder invokeStatic L3_L
java/lang/NoSuchFieldException id: 573
java/lang/invoke/BoundMethodHandle$Species_L id: 574
@lambda-form-invoker [SPECIES_RESOLVE] java.lang.invoke.BoundMethodHandle$Species_L
@lambda-form-invoker [LF_RESOLVE] java.lang.invoke.DirectMethodHandle$Holder invokeStatic L4_L
java/lang/invoke/DirectMethodHandle$2 id: 575
@lambda-form-invoker [LF_RESOLVE] java.lang.invoke.DirectMethodHandle$Holder getReference LL_L
java/lang/invoke/DirectMethodHandle$Accessor id: 576
java/lang/invoke/DelegatingMethodHandle id: 577
java/lang/invoke/DelegatingMethodHandle$Holder id: 578
@lambda-form-invoker [LF_RESOLVE] java.lang.invoke.DelegatingMethodHandle$Holder reinvoke_L L_L
java/lang/invoke/LambdaFormEditor id: 579
java/lang/invoke/LambdaFormEditor$TransformKey id: 580
java/lang/invoke/LambdaFormBuffer id: 581
java/lang/invoke/LambdaFormEditor$Transform id: 582
jdk/internal/classfile/impl/SplitConstantPool id: 583
java/lang/classfile/BootstrapMethodEntry id: 584
jdk/internal/classfile/impl/BootstrapMethodEntryImpl id: 585
jdk/internal/classfile/impl/EntryMap id: 586
jdk/internal/classfile/impl/Util id: 587
jdk/internal/classfile/impl/AbstractPoolEntry$AbstractRefEntry id: 588
jdk/internal/classfile/impl/AbstractPoolEntry$AbstractNamedEntry id: 589
java/lang/classfile/constantpool/LoadableConstantEntry id: 590
java/lang/classfile/constantpool/ClassEntry id: 591
jdk/internal/classfile/impl/AbstractPoolEntry$ClassEntryImpl id: 592
java/util/function/Consumer id: 593
java/lang/invoke/InvokerBytecodeGenerator$3 id: 594
java/lang/classfile/ClassFile id: 595
jdk/internal/classfile/impl/ClassFileImpl id: 596
java/lang/invoke/InvokerBytecodeGenerator$1 id: 597
jdk/internal/classfile/impl/AbstractDirectBuilder id: 598
java/lang/classfile/ClassFileBuilder id: 599
java/lang/classfile/ClassBuilder id: 600
jdk/internal/classfile/impl/DirectClassBuilder id: 601
jdk/internal/classfile/impl/AttributeHolder id: 602
java/lang/classfile/Superclass id: 603
jdk/internal/classfile/impl/SuperclassImpl id: 604
java/lang/classfile/attribute/SourceFileAttribute id: 605
jdk/internal/classfile/impl/UnboundAttribute$UnboundSourceFileAttribute id: 606
jdk/internal/classfile/impl/AbstractAttributeMapper$SourceFileMapper id: 607
jdk/internal/classfile/impl/BoundAttribute id: 608
java/lang/invoke/InvokerBytecodeGenerator$4 id: 609
java/lang/classfile/MethodBuilder id: 610
jdk/internal/classfile/impl/MethodInfo id: 611
jdk/internal/classfile/impl/TerminalMethodBuilder id: 612
jdk/internal/classfile/impl/DirectMethodBuilder id: 613
jdk/internal/classfile/impl/AbstractPoolEntry$AbstractRefsEntry id: 614
java/lang/classfile/constantpool/NameAndTypeEntry id: 615
jdk/internal/classfile/impl/AbstractPoolEntry$NameAndTypeEntryImpl id: 616
java/lang/classfile/constantpool/MemberRefEntry id: 617
jdk/internal/classfile/impl/AbstractPoolEntry$AbstractMemberRefEntry id: 618
java/lang/classfile/constantpool/FieldRefEntry id: 619
jdk/internal/classfile/impl/AbstractPoolEntry$FieldRefEntryImpl id: 620
java/lang/invoke/InvokerBytecodeGenerator$ClassData id: 621
java/lang/invoke/InvokerBytecodeGenerator$4$1 id: 622
java/lang/classfile/CodeBuilder id: 623
jdk/internal/classfile/impl/LabelContext id: 624
jdk/internal/classfile/impl/TerminalCodeBuilder id: 625
jdk/internal/classfile/impl/DirectCodeBuilder id: 626
java/lang/classfile/CodeElement id: 627
java/lang/classfile/PseudoInstruction id: 628
java/lang/classfile/instruction/CharacterRange id: 629
jdk/internal/classfile/impl/DirectCodeBuilder$DeferredLabel id: 630
java/lang/classfile/instruction/LocalVariable id: 631
java/lang/classfile/instruction/LocalVariableType id: 632
jdk/internal/classfile/impl/AbstractPseudoInstruction id: 633
java/lang/classfile/instruction/ExceptionCatch id: 634
jdk/internal/classfile/impl/AbstractPseudoInstruction$ExceptionCatchImpl id: 635
java/lang/classfile/BufWriter id: 636
jdk/internal/classfile/impl/BufWriterImpl id: 637
java/lang/classfile/Label id: 638
java/lang/classfile/instruction/LabelTarget id: 639
jdk/internal/classfile/impl/LabelImpl id: 640
jdk/internal/classfile/impl/DirectCodeBuilder$8 id: 641
java/lang/classfile/Opcode id: 642
java/lang/classfile/Opcode$Kind id: 643
java/lang/classfile/constantpool/MethodRefEntry id: 644
jdk/internal/classfile/impl/AbstractPoolEntry$MethodRefEntryImpl id: 645
jdk/internal/classfile/impl/BytecodeHelpers id: 646
jdk/internal/classfile/impl/UnboundAttribute$AdHocAttribute id: 647
jdk/internal/classfile/impl/DirectCodeBuilder$4 id: 648
jdk/internal/classfile/impl/AbstractAttributeMapper$CodeMapper id: 649
java/lang/invoke/InvokerBytecodeGenerator$2 id: 650
jdk/internal/classfile/impl/Util$1WithCodeMethodHandler id: 651
java/lang/classfile/FieldBuilder id: 652
jdk/internal/classfile/impl/TerminalFieldBuilder id: 653
jdk/internal/classfile/impl/DirectFieldBuilder id: 654
java/lang/classfile/CustomAttribute id: 655
jdk/internal/classfile/impl/AnnotationReader id: 656
jdk/internal/classfile/impl/StackMapGenerator id: 657
jdk/internal/classfile/impl/StackMapGenerator$Frame id: 658
jdk/internal/classfile/impl/StackMapGenerator$Type id: 659
jdk/internal/classfile/impl/RawBytecodeHelper id: 660
jdk/internal/classfile/impl/RawBytecodeHelper$1 id: 661
jdk/internal/classfile/impl/RawBytecodeHelper$CodeRange id: 662
jdk/internal/classfile/impl/ClassHierarchyImpl id: 663
java/lang/classfile/ClassHierarchyResolver id: 664
jdk/internal/classfile/impl/ClassHierarchyImpl$ClassLoadingClassHierarchyResolver id: 665
jdk/internal/classfile/impl/ClassHierarchyImpl$ClassLoadingClassHierarchyResolver$1 id: 666
jdk/internal/classfile/impl/ClassHierarchyImpl$CachedClassHierarchyResolver id: 667
java/lang/classfile/ClassHierarchyResolver$1Factory id: 668
java/lang/classfile/ClassHierarchyResolver$ClassHierarchyInfo id: 669
jdk/internal/classfile/impl/ClassHierarchyImpl$ClassHierarchyInfoImpl id: 670
jdk/internal/classfile/impl/ClassHierarchyImpl$CachedClassHierarchyResolver$1 id: 671
java/lang/classfile/ClassReader id: 672
jdk/internal/classfile/impl/ClassReaderImpl id: 673
jdk/internal/util/ModifiedUtf id: 674
java/lang/invoke/MethodHandles$Lookup$ClassDefiner id: 675
jdk/internal/reflect/DirectMethodHandleAccessor id: 676
@lambda-form-invoker [LF_RESOLVE] java.lang.invoke.DirectMethodHandle$Holder invokeSpecial L3_L
@lambda-form-invoker [LF_RESOLVE] java.lang.invoke.Invokers$Holder invokeExact_MT L3_L
java/util/stream/Collectors id: 677
java/util/stream/Collector$Characteristics id: 678
java/util/EnumSet id: 679
java/util/RegularEnumSet id: 680
java/util/Collections$UnmodifiableCollection id: 681
java/util/Collections$UnmodifiableSet id: 682
java/util/stream/Collector id: 683
java/util/stream/Collectors$CollectorImpl id: 684
java/lang/invoke/LambdaMetafactory id: 685
@lambda-form-invoker [LF_RESOLVE] java.lang.invoke.DirectMethodHandle$Holder invokeStatic L7_L
java/lang/invoke/BootstrapMethodInvoker id: 686
java/lang/invoke/AbstractValidatingLambdaMetafactory id: 687
java/lang/invoke/InnerClassLambdaMetafactory id: 688
java/lang/invoke/MethodHandleInfo id: 689
java/lang/invoke/InfoFromMemberName id: 690
java/lang/invoke/LambdaProxyClassArchive id: 691
@lambda-form-invoker [LF_RESOLVE] java.lang.invoke.LambdaForm$Holder identity_L LL_L
java/lang/invoke/MethodHandleImpl$IntrinsicMethodHandle id: 692
@lambda-form-invoker [LF_RESOLVE] java.lang.invoke.LambdaForm$Holder zero_L L_L
@lambda-form-invoker [LF_RESOLVE] java.lang.invoke.Invokers$Holder linkToTargetMethod L_L
@lambda-proxy java/util/stream/Collectors get ()Ljava/util/function/Supplier; ()Ljava/lang/Object; REF_newInvokeSpecial java/util/HashSet <init> ()V ()Ljava/util/HashSet;
java/util/function/BiConsumer id: 693
@lambda-form-invoker [LF_RESOLVE] java.lang.invoke.DirectMethodHandle$Holder invokeInterface L3_I
java/lang/invoke/DirectMethodHandle$Interface id: 694
@lambda-proxy java/util/stream/Collectors accept ()Ljava/util/function/BiConsumer; (Ljava/lang/Object;Ljava/lang/Object;)V REF_invokeInterface java/util/Set add (Ljava/lang/Object;)Z (Ljava/util/HashSet;Ljava/lang/Object;)V
java/util/function/BinaryOperator id: 695
@lambda-proxy java/util/stream/Collectors apply ()Ljava/util/function/BinaryOperator; (Ljava/lang/Object;Ljava/lang/Object;)Ljava/lang/Object; REF_invokeStatic java/util/stream/Collectors lambda$toSet$0 (Ljava/util/HashSet;Ljava/util/HashSet;)Ljava/util/HashSet; (Ljava/util/HashSet;Ljava/util/HashSet;)Ljava/util/HashSet;
@lambda-form-invoker [LF_RESOLVE] java.lang.invoke.DirectMethodHandle$Holder invokeStatic LL_L
@lambda-proxy java/util/stream/Collectors apply ()Ljava/util/function/Function; (Ljava/lang/Object;)Ljava/lang/Object; REF_invokeStatic java/util/stream/Collectors lambda$castingIdentity$0 (Ljava/lang/Object;)Ljava/lang/Object; (Ljava/lang/Object;)Ljava/lang/Object;
java/util/stream/ReduceOps id: 696
java/util/stream/TerminalOp id: 697
java/util/stream/ReduceOps$ReduceOp id: 698
java/util/stream/ReduceOps$3 id: 699
java/util/stream/StreamShape id: 700
java/util/stream/ReduceOps$Box id: 701
java/util/stream/Sink id: 702
java/util/stream/TerminalSink id: 703
java/util/stream/ReduceOps$AccumulatingSink id: 704
java/util/stream/ReduceOps$3ReducingSink id: 705
com/sun/management/internal/PlatformMBeanProviderImpl$2 id: 706
com/sun/management/internal/PlatformMBeanProviderImpl$3 id: 707
jdk/management/VirtualThreadSchedulerMXBean id: 708
com/sun/management/internal/PlatformMBeanProviderImpl$4 id: 709
com/sun/management/internal/PlatformMBeanProviderImpl$5 id: 710
java/util/Collections$SingletonSet id: 711
javax/management/DynamicMBean id: 712
com/sun/management/DiagnosticCommandMBean id: 713
javax/management/NotificationBroadcaster id: 714
javax/management/NotificationEmitter id: 715
sun/management/NotificationEmitterSupport id: 716
com/sun/management/internal/DiagnosticCommandImpl id: 717
sun/management/ManagementFactoryHelper id: 718
sun/management/VMManagement id: 719
sun/management/VMManagementImpl id: 720
java/util/concurrent/ConcurrentHashMap$ValuesView id: 721
java/util/concurrent/ConcurrentHashMap$Traverser id: 722
java/util/concurrent/ConcurrentHashMap$BaseIterator id: 723
java/util/Enumeration id: 724
java/util/concurrent/ConcurrentHashMap$ValueIterator id: 725
com/sun/management/internal/PlatformMBeanProviderImpl$6 id: 726
java/util/Collections$UnmodifiableList id: 727
java/util/Collections$UnmodifiableRandomAccessList id: 728
jdk/management/jfr/internal/FlightRecorderMXBeanProvider id: 729
java/util/concurrent/Callable id: 730
java/util/Collections$EmptyEnumeration id: 731
java/lang/management/DefaultPlatformMBeanProvider id: 732
java/lang/management/DefaultPlatformMBeanProvider$1 id: 733
java/lang/management/DefaultPlatformMBeanProvider$2 id: 734
java/lang/management/DefaultPlatformMBeanProvider$3 id: 735
java/lang/management/DefaultPlatformMBeanProvider$4 id: 736
java/lang/management/DefaultPlatformMBeanProvider$5 id: 737
java/lang/management/DefaultPlatformMBeanProvider$6 id: 738
java/lang/management/DefaultPlatformMBeanProvider$7 id: 739
java/lang/management/DefaultPlatformMBeanProvider$8 id: 740
sun/management/ManagementFactoryHelper$LoggingMXBeanAccess id: 741
java/util/Optional id: 742
java/util/logging/LogManager id: 743
java/lang/management/DefaultPlatformMBeanProvider$9 id: 744
java/lang/management/DefaultPlatformMBeanProvider$10 id: 745
java/lang/management/DefaultPlatformMBeanProvider$11 id: 746
java/util/ArrayList$Itr id: 747
java/util/Collections$UnmodifiableCollection$1 id: 748
jdk/management/jfr/FlightRecorderMXBean id: 749
jdk/management/jfr/internal/FlightRecorderMXBeanProvider$SingleMBeanComponent id: 750
java/util/Collections$SingletonList id: 751
java/util/Collections$1 id: 752
java/util/HashMap$Values id: 753
java/util/HashMap$HashMapSpliterator id: 754
java/util/HashMap$ValueSpliterator id: 755
java/util/function/Predicate id: 756
@lambda-form-invoker [LF_RESOLVE] java.lang.invoke.DirectMethodHandle$Holder invokeStatic L3_I
java/lang/invoke/InnerClassLambdaMetafactory$1 id: 757
java/util/ImmutableCollections$Access id: 758
jdk/internal/access/JavaUtilCollectionAccess id: 759
java/util/ImmutableCollections$Access$1 id: 760
java/lang/classfile/Interfaces id: 761
jdk/internal/classfile/impl/InterfacesImpl id: 762
java/lang/invoke/InnerClassLambdaMetafactory$3 id: 763
java/lang/invoke/InnerClassLambdaMetafactory$6 id: 764
java/lang/invoke/TypeConvertingMethodAdapter id: 765
@lambda-form-invoker [LF_RESOLVE] java.lang.invoke.DirectMethodHandle$Holder newInvokeSpecial LL_L
@lambda-form-invoker [LF_RESOLVE] java.lang.invoke.Invokers$Holder linkToTargetMethod LL_L
@lambda-proxy java/lang/management/ManagementFactory$PlatformMBeanFinder test (Ljava/lang/String;)Ljava/util/function/Predicate; (Ljava/lang/Object;)Z REF_invokeStatic java/lang/management/ManagementFactory$PlatformMBeanFinder lambda$findSingleton$0 (Ljava/lang/String;Lsun/management/spi/PlatformMBeanProvider$PlatformComponent;)Z (Lsun/management/spi/PlatformMBeanProvider$PlatformComponent;)Z
java/util/stream/ReferencePipeline$StatelessOp id: 766
java/util/stream/ReferencePipeline$2 id: 767
@lambda-proxy java/lang/management/ManagementFactory$PlatformMBeanFinder apply (Ljava/lang/Class;)Ljava/util/function/BinaryOperator; (Ljava/lang/Object;Ljava/lang/Object;)Ljava/lang/Object; REF_invokeStatic java/lang/management/ManagementFactory$PlatformMBeanFinder lambda$findSingleton$1 (Ljava/lang/Class;Lsun/management/spi/PlatformMBeanProvider$PlatformComponent;Lsun/management/spi/PlatformMBeanProvider$PlatformComponent;)Lsun/management/spi/PlatformMBeanProvider$PlatformComponent; (Lsun/management/spi/PlatformMBeanProvider$PlatformComponent;Lsun/management/spi/PlatformMBeanProvider$PlatformComponent;)Lsun/management/spi/PlatformMBeanProvider$PlatformComponent;
java/util/stream/ReduceOps$2 id: 768
java/util/stream/ReduceOps$2ReducingSink id: 769
java/util/stream/Sink$ChainedReference id: 770
java/util/stream/ReferencePipeline$2$1 id: 771
sun/management/RuntimeImpl id: 772
java/util/Collections$SingletonMap id: 773
java/util/Collections$2 id: 774
java/lang/IncompatibleClassChangeError id: 775
java/lang/NoSuchMethodError id: 776
@lambda-form-invoker [LF_RESOLVE] java.lang.invoke.DirectMethodHandle$Holder invokeSpecial L3_I
@lambda-proxy sun/management/spi/PlatformMBeanProvider$PlatformComponent test (Ljava/lang/Class;)Ljava/util/function/Predicate; (Ljava/lang/Object;)Z REF_invokeVirtual java/lang/Class isInstance (Ljava/lang/Object;)Z (Ljava/lang/Object;)Z
@lambda-proxy sun/management/spi/PlatformMBeanProvider$PlatformComponent apply (Ljava/lang/Class;)Ljava/util/function/Function; (Ljava/lang/Object;)Ljava/lang/Object; REF_invokeVirtual java/lang/Class cast (Ljava/lang/Object;)Ljava/lang/Object; (Ljava/lang/Object;)Ljava/lang/Object;
java/util/stream/ReferencePipeline$3 id: 777
@lambda-proxy java/util/stream/Collectors get ()Ljava/util/function/Supplier; ()Ljava/lang/Object; REF_newInvokeSpecial java/util/ArrayList <init> ()V ()Ljava/util/ArrayList;
java/lang/classfile/constantpool/InterfaceMethodRefEntry id: 778
jdk/internal/classfile/impl/AbstractPoolEntry$InterfaceMethodRefEntryImpl id: 779
@lambda-proxy java/util/stream/Collectors accept ()Ljava/util/function/BiConsumer; (Ljava/lang/Object;Ljava/lang/Object;)V REF_invokeInterface java/util/List add (Ljava/lang/Object;)Z (Ljava/util/ArrayList;Ljava/lang/Object;)V
@lambda-proxy java/util/stream/Collectors apply ()Ljava/util/function/BinaryOperator; (Ljava/lang/Object;Ljava/lang/Object;)Ljava/lang/Object; REF_invokeStatic java/util/stream/Collectors lambda$toList$0 (Ljava/util/ArrayList;Ljava/util/ArrayList;)Ljava/util/ArrayList; (Ljava/util/ArrayList;Ljava/util/ArrayList;)Ljava/util/ArrayList;
java/util/stream/ReferencePipeline$3$1 id: 780
java/lang/invoke/StringConcatFactory id: 781
@lambda-form-invoker [LF_RESOLVE] java.lang.invoke.DirectMethodHandle$Holder invokeStatic L6_L
java/lang/invoke/MethodHandleImpl$AsVarargsCollector id: 782
@lambda-form-invoker [LF_RESOLVE] java.lang.invoke.DirectMethodHandle$Holder invokeSpecial L7_L
@lambda-form-invoker [LF_RESOLVE] java.lang.invoke.DelegatingMethodHandle$Holder delegate L6_L
java/lang/invoke/StringConcatFactory$InlineHiddenClassStrategy id: 783
java/lang/invoke/StringConcatFactory$InlineHiddenClassStrategy$1 id: 784
java/lang/invoke/StringConcatFactory$InlineHiddenClassStrategy$2 id: 785
java/lang/StringConcatHelper$StringConcatBase id: 786
java/lang/StringConcatHelper$Concat1 id: 787
@lambda-form-invoker [LF_RESOLVE] java.lang.invoke.DirectMethodHandle$Holder invokeSpecial LLJ_L
@lambda-form-invoker [LF_RESOLVE] java.lang.invoke.DirectMethodHandle$Holder invokeSpecial L3J_L
@lambda-form-invoker [LF_RESOLVE] java.lang.invoke.DelegatingMethodHandle$Holder reinvoke_L LLJ_L
java/lang/invoke/BoundMethodHandle$Species_LL id: 788
@lambda-form-invoker [SPECIES_RESOLVE] java.lang.invoke.BoundMethodHandle$Species_LL
@lambda-form-invoker [LF_RESOLVE] java.lang.invoke.DirectMethodHandle$Holder invokeStatic L5_L
@lambda-form-invoker [LF_RESOLVE] java.lang.invoke.Invokers$Holder linkToTargetMethod JL_L
jdk/internal/misc/Blocker id: 789
java/lang/Shutdown id: 790
java/lang/Shutdown$Lock id: 791
@cp TestApp 8 14 19 20 25 29 30 48
@cp java/lang/Shutdown$Lock 1 2 17
@cp java/lang/Shutdown 7 55 61 134 136
@cp jdk/internal/misc/Blocker 8 20 26 30 46
@cp java/lang/invoke/BoundMethodHandle$Species_LL 2 4 18 20 22 26 30 34 36 65
@cp java/lang/StringConcatHelper$Concat1 1 2 7 8 14 19 24 32 40 43
@cp java/lang/StringConcatHelper$StringConcatBase 1 2 7 9 13 17 18 23 26
@cp java/lang/invoke/StringConcatFactory$InlineHiddenClassStrategy$2 1 2 7 9 12 13
@cp java/lang/invoke/StringConcatFactory$InlineHiddenClassStrategy$1 3 4
@cp java/lang/invoke/StringConcatFactory$InlineHiddenClassStrategy 2 7 8 13 15 20 26 31 43 46 55 70 76 82 88 110 114 119 120 125 126 143 271 276 278 288 300 380 387 393 402 409 411 416 418
@cp java/lang/invoke/MethodHandleImpl$AsVarargsCollector 1 2 7 8 13 14 18 22 48 160 162
@cp java/lang/invoke/StringConcatFactory 3 4 10 18 26 41 42 48 50 65 70 80 83 92 114 119 120 125 127 139 142 154 157 161 184 196 248 520 540 546
@cp java/util/stream/ReferencePipeline$3$1 1 2 7 8 13 17 18 23 24
@cp jdk/internal/classfile/impl/AbstractPoolEntry$InterfaceMethodRefEntryImpl 3 4
@cp java/util/stream/ReferencePipeline$3 1 2 7 8 13 15
@cp java/lang/NoSuchMethodError 2 7
@cp java/lang/IncompatibleClassChangeError 2 7
@cp java/util/Collections$2 1 2 7 8 13 18 23 24 29
@cp java/util/Collections$SingletonMap 1 2 7 8 13 17 38
@cp sun/management/RuntimeImpl 1 2 7 8 13 14 19 65
@cp java/util/stream/ReferencePipeline$2$1 1 2 7 8 13 19 20 25 26 31
@cp java/util/stream/Sink$ChainedReference 1 2 8 13 15 16 21 25 28
@cp java/util/stream/ReduceOps$2ReducingSink 1 2 7 8 13 17 28 44
@cp java/util/stream/ReduceOps$2 1 2 7 8 13 15 18
@cp java/util/stream/ReferencePipeline$2 1 2 7 8 13 15
@cp java/util/stream/ReferencePipeline$StatelessOp 1 2 8 28 29
@cp java/lang/invoke/TypeConvertingMethodAdapter 2 51 61 135 140 141 146 150 152 157 158 207 212 217
@cp java/lang/invoke/InnerClassLambdaMetafactory$6 3 4 9 13 14 19 20 27 31 32 37 41 54 74 86 90 94 98 106 110 114 126 128 133 148 152 156 160 164 168 171 176 182 187 191
@cp java/lang/invoke/InnerClassLambdaMetafactory$3 1 3 4 9 10 15 16 30 34 35 40 41 46 51 56 60 64 68 76 80 81 86 90 94 98
@cp jdk/internal/classfile/impl/InterfacesImpl 1 2 8 13 14 19 20
@cp java/lang/classfile/Interfaces 1 3
@cp java/util/ImmutableCollections$Access$1 1 2 8
@cp java/util/ImmutableCollections$Access 7 9 11
@cp java/lang/invoke/InnerClassLambdaMetafactory$1 3 4 9 13 17 18 23 24 29 33 34 43 47 51 55 56 67 71 78 82 86 90 99
@cp java/util/HashMap$ValueSpliterator 1 2 8 13 17 21 28 37 38 43 46 49 50 55 56 61
@cp java/util/HashMap$HashMapSpliterator 1 2 7 8 13 17 20 23 26 27 31 34 38
@cp java/util/HashMap$Values 1 2 7 8 31 33
@cp java/util/Collections$1 1 2 7 8 13
@cp java/util/Collections$SingletonList 1 2 7 8 14
@cp jdk/management/jfr/internal/FlightRecorderMXBeanProvider$SingleMBeanComponent 1 2 7 8 13 17 18 24
@cp java/util/Collections$UnmodifiableCollection$1 1 2 7 8 13 14 19 20 25 29 30 35
@cp java/util/ArrayList$Itr 1 2 7 8 13 17 18 22 25 28 31 37
@cp java/lang/management/DefaultPlatformMBeanProvider$11 1 2 10 15 16
@cp java/lang/management/DefaultPlatformMBeanProvider$10 1 2 10 15 16
@cp java/lang/management/DefaultPlatformMBeanProvider$9 1 2 10 15 16
@cp java/util/Optional 2 7 8 13 18 23
@cp sun/management/ManagementFactoryHelper$LoggingMXBeanAccess 2 8 15 19 20 25 29 32
@cp java/lang/management/DefaultPlatformMBeanProvider$8 1 2 10 15 16
@cp java/lang/management/DefaultPlatformMBeanProvider$7 1 2 10 15 16 28
@cp java/lang/management/DefaultPlatformMBeanProvider$6 1 2 10 15 16
@cp java/lang/management/DefaultPlatformMBeanProvider$5 1 2 10 15 16
@cp java/lang/management/DefaultPlatformMBeanProvider$4 1 2 7 14 20 25 29 32 37 38
@cp java/lang/management/DefaultPlatformMBeanProvider$3 1 2 10 15 16
@cp java/lang/management/DefaultPlatformMBeanProvider$2 1 2 10 15 16
@cp java/lang/management/DefaultPlatformMBeanProvider$1 1 2 10 15 16
@cp java/lang/management/DefaultPlatformMBeanProvider 1 2 7 8 14 19 23 25 26 28 31 35 37 38 40 41 43 44 46 47 49 50 52 53 55 57 62 64 65 67 68 70 71
@cp java/util/Collections$EmptyEnumeration 1 2 16 18
@cp jdk/management/jfr/internal/FlightRecorderMXBeanProvider 1 2 29 49 51 55
@cp java/util/Collections$UnmodifiableRandomAccessList 1 2
@cp java/util/Collections$UnmodifiableList 1 2 7 8
@cp com/sun/management/internal/PlatformMBeanProviderImpl$6 3 4 9 10 18 23
@cp java/util/concurrent/ConcurrentHashMap$ValueIterator 1 2 7 8 18 19 24 27
@cp java/util/concurrent/ConcurrentHashMap$BaseIterator 1 2 7 8 13 17
@cp java/util/concurrent/ConcurrentHashMap$Traverser 1 2 7 8 13 17 20 23 26 30 31 34 39 57
@cp java/util/concurrent/ConcurrentHashMap$ValuesView 1 2 7 8 14 42 46 48
@cp sun/management/VMManagementImpl 1 2 7 8 13 17 117
@cp sun/management/ManagementFactoryHelper 8 40 42 94 285 290 292 293 300 302
@cp com/sun/management/internal/DiagnosticCommandImpl 2 8 13 14 19 39 40 42 46 50 54 178 179 184 185 220
@cp sun/management/NotificationEmitterSupport 1 2 7 8 14 19
@cp java/util/Collections$SingletonSet 1 2 7 8 14
@cp com/sun/management/internal/PlatformMBeanProviderImpl$5 1 2 10 15 16
@cp com/sun/management/internal/PlatformMBeanProviderImpl$4 1 2 7 16 22 27 31 34 39 40
@cp com/sun/management/internal/PlatformMBeanProviderImpl$3 1 2 7 10 15 16 21 22 27
@cp com/sun/management/internal/PlatformMBeanProviderImpl$2 1 2 7 14 20 25 29 32 37 38 43
@cp java/util/stream/ReduceOps$3ReducingSink 1 2 7 11 15 16 21 22 27 31 32
@cp java/util/stream/ReduceOps$Box 1 2 7 8
@cp java/util/stream/StreamShape 1 26 31 36
@cp java/util/stream/ReduceOps$3 1 2 7 11 15 19 20 25 27 30 31 37 42 43 49 54
@cp java/util/stream/ReduceOps$ReduceOp 1 2 7 8 13 17 18 23 25
@cp java/util/stream/ReduceOps 8 16 24 26 29 31 35 39 43 45
@cp java/lang/invoke/DirectMethodHandle$Interface 1 2 8 14 24 85
@cp java/lang/invoke/MethodHandleImpl$IntrinsicMethodHandle 1 2 7 8 13 14 18 22 26
@cp java/lang/invoke/LambdaProxyClassArchive 7 8 16 29 34 35
@cp java/lang/invoke/InfoFromMemberName 1 2 8 14 32 36 40 44 48 52 102 190
@cp java/lang/invoke/InnerClassLambdaMetafactory 1 3 7 8 14 19 20 25 33 37 41 42 47 51 59 64 68 69 74 78 85 88 93 97 101 106 121 125 126 131 135 138 140 151 163 166 190 191 192 202 206 209 215 217 223 227 232 244 248 249 254 258 263 274 278 281 284 288 291 294 298 303 311 318 320 325 348 350 353 361 365 366 377 389 394 396 425 427 431 436 437 442 446 450 456 475 481 485 490 518 526
@cp java/lang/invoke/AbstractValidatingLambdaMetafactory 1 3 4 9 10 19 24 30 38 39 44 48 52 53 57 60 64 67 71 72 77 80 84 105 109 113 116 119 123 127 141 144 147 151 155 158 166 185 191 197 203 209 215 220 246
@cp java/lang/invoke/BootstrapMethodInvoker 2 8 13 18 28 33 36 41 46 50 54 62 64 93 120 174 177 315 318
@cp java/lang/invoke/LambdaMetafactory 7 10 15 17 19 21 24 33 36 37 41 62
@cp java/util/stream/Collectors$CollectorImpl 1 2 7 8 13 17 21 25 30 35
@cp java/util/Collections$UnmodifiableSet 1 2
@cp java/util/Collections$UnmodifiableCollection 1 2 10 11 17 26 44 46
@cp java/util/RegularEnumSet 1 2 7 8 15 16 36 37 42 51 99
@cp java/util/EnumSet 1 2 7 8 13 42 44 82 91 102 117 127 138 143 144
@cp java/util/stream/Collector$Characteristics 1 17 23 28 33
@cp java/util/stream/Collectors 28 31 38 43 46 50 51 60 61 62 118 124 134 143 599 605 619 639 1080 1313 1445
@cp jdk/internal/reflect/DirectMethodHandleAccessor 2 19 39 40 42 43 48 52 56 60 64 69 72 76 87 119 120 179 226
@cp java/lang/invoke/MethodHandles$Lookup$ClassDefiner 3 5 6 12 20 24 28 32 36 47 51 52 62 67 68 79 80 107 109
@cp jdk/internal/util/ModifiedUtf 7 8
@cp jdk/internal/classfile/impl/ClassReaderImpl 1 319 324 327
@cp jdk/internal/classfile/impl/ClassHierarchyImpl$CachedClassHierarchyResolver$1 1 2 7 8
@cp jdk/internal/classfile/impl/ClassHierarchyImpl$ClassHierarchyInfoImpl 1 2 7 8 13 29
@cp java/lang/classfile/ClassHierarchyResolver$1Factory 1 2 7 9 10 11 28
@cp jdk/internal/classfile/impl/ClassHierarchyImpl$CachedClassHierarchyResolver 1 2 7 8 13 15 18 34 36
@cp jdk/internal/classfile/impl/ClassHierarchyImpl$ClassLoadingClassHierarchyResolver$1 1 2
@cp jdk/internal/classfile/impl/ClassHierarchyImpl$ClassLoadingClassHierarchyResolver 1 2 7 8 60 62
@cp java/lang/classfile/ClassHierarchyResolver 19 21 22 27 29 33 38 39
@cp jdk/internal/classfile/impl/ClassHierarchyImpl 1 2 8 13 15 16 21 22 85 91
@cp jdk/internal/classfile/impl/RawBytecodeHelper$CodeRange 1 2 7 8 13 17 19
@cp jdk/internal/classfile/impl/RawBytecodeHelper$1 1 2
@cp jdk/internal/classfile/impl/RawBytecodeHelper 1 3 5 9 10 14 18 22 31 36 39 43 46 54 63 68 78 83 95 99 118 120
@cp jdk/internal/classfile/impl/StackMapGenerator$Type 1 3 4 9 10 15 19 22 26 42 71 133 268
@cp jdk/internal/classfile/impl/StackMapGenerator$Frame 1 3 4 9 13 14 18 22 25 29 32 35 38 41 44 48 51 74 95 101 109 125 126 144 147 157 179 184 190 191 196 199 200 201 206 228 232
@cp jdk/internal/classfile/impl/StackMapGenerator 1 5 7 9 10 15 16 21 22 27 28 33 34 39 43 47 51 55 59 63 67 71 72 80 83 88 93 97 100 104 108 112 115 119 120 122 123 127 130 133 135 136 141 144 148 152 154 157 160 162 165 169 172 175 178 192 193 197 200 203 209 212 215 218 221 224 290 350 351 356 360 363 367 369 385 389 412 424 427 430 433 436 439 443 446 453 474 477 534 535 539 559 568 591 593 597 618 619 620 629 633 640 644 646 648 653 654
@cp jdk/internal/classfile/impl/AnnotationReader 18 309 323 324 329 333 334 339 340 344 348 349 354 375
@cp jdk/internal/classfile/impl/DirectFieldBuilder 1 2 7 8 14 19 21 25 28 44 45 49 53 54 59 63 67 68 78
@cp jdk/internal/classfile/impl/Util$1WithCodeMethodHandler 1 2 7 8 13 14 19
@cp java/lang/invoke/InvokerBytecodeGenerator$2 3 4 9 13 17 18 23 24 30 38 43 47 48 53 57 59 63 64 69 72 73 78 85 89 128 132
@cp jdk/internal/classfile/impl/AbstractAttributeMapper$CodeMapper 6 11 12 32 41
@cp jdk/internal/classfile/impl/DirectCodeBuilder$4 1 2 7 8 13 14 28 29 43 47 51 55 56 61 62 63 68 78 82 134 138 139 164 172 176 180 183 186
@cp jdk/internal/classfile/impl/UnboundAttribute$AdHocAttribute 1 2 7 8 13 14 19 20 25 26 31 35 39 43 47
@cp jdk/internal/classfile/impl/BytecodeHelpers 50 51 82 303 643 644 649 655
@cp jdk/internal/classfile/impl/AbstractPoolEntry$MethodRefEntryImpl 3 4
@cp java/lang/classfile/Opcode$Kind 1 92 97 102
@cp java/lang/classfile/Opcode 1 653 658 662 666 669 677 680
@cp jdk/internal/classfile/impl/DirectCodeBuilder$8 2 8 17
@cp jdk/internal/classfile/impl/LabelImpl 1 2 7 8 13
@cp jdk/internal/classfile/impl/BufWriterImpl 1 3 4 9 10 14 18 22 26 30 34 37 47 70 74 75 84 85 91 104 117 128 132 138 143 147 152 161 165 168 194 199
@cp jdk/internal/classfile/impl/DirectCodeBuilder 3 5 9 10 15 21 22 27 31 32 36 38 40 48 55 62 65 69 72 79 82 85 88 92 96 101 110 113 117 119 122 126 130 135 157 161 166 170 173 174 176 197 213 243 247 250 256 285 289 294 309 316 336 359 363 366 372 376 387 472 484 489 491 504 514 518 574 579 600 629 633 645 654 659 662 665 668 671 677 678 684 693 695 699 703 706 724 762 794 801 802 806 811 813
@cp jdk/internal/classfile/impl/TerminalCodeBuilder 1 2 7 12
@cp java/lang/classfile/CodeBuilder 39 60 179 183 184 189 198 202 206 288 291 294 297 300 309 312 314 316 319 323 325 329 332 334 338 341 343 347 357 360 363 366 369 389 403 420 459 576 697 1006
@cp java/lang/invoke/InvokerBytecodeGenerator$4$1 1 2 7 11 12 17 18 23 24 29 30 46 66 70 74 78 79 84 85 91 96 97 232 240 247 250 254 255
@cp java/lang/invoke/InvokerBytecodeGenerator$ClassData 1 2 7 8 13 45
@cp jdk/internal/classfile/impl/AbstractPoolEntry$FieldRefEntryImpl 3 4
@cp java/lang/classfile/constantpool/FieldRefEntry 1 2 8
@cp jdk/internal/classfile/impl/AbstractPoolEntry$AbstractMemberRefEntry 1 2 8 15 18 48
@cp java/lang/classfile/constantpool/MemberRefEntry 1 2 7 8 13
@cp jdk/internal/classfile/impl/AbstractPoolEntry$NameAndTypeEntryImpl 3 4 9 10 15 17
@cp jdk/internal/classfile/impl/AbstractPoolEntry$AbstractRefsEntry 1 2 8 13 14 19 23 26 29 30
@cp jdk/internal/classfile/impl/DirectMethodBuilder 1 2 7 8 14 19 21 25 28 45 50 55 59 63 72 76 83 85 91 96 101 110 111 115 116 121 125 129 130 137 139
@cp java/lang/invoke/InvokerBytecodeGenerator$4 1 2 7 11 12 17 18 23 24 32 33 45 49 51 54 58
@cp jdk/internal/classfile/impl/AbstractAttributeMapper$SourceFileMapper 6 11 12 22 23 28 29 34 35 44
@cp jdk/internal/classfile/impl/UnboundAttribute$UnboundSourceFileAttribute 2 7 8 14 19 21 22 30 37
@cp java/lang/classfile/attribute/SourceFileAttribute 12 17 19
@cp jdk/internal/classfile/impl/SuperclassImpl 1 2 8 13 14 19 20
@cp java/lang/classfile/Superclass 1 3
@cp jdk/internal/classfile/impl/AttributeHolder 1 2 7 8 17 20 21 26 27 39 45 46 52
@cp jdk/internal/classfile/impl/DirectClassBuilder 1 3 4 10 15 18 21 25 29 34 36 40 43 47 52 60 66 69 71 87 91 93 97 101 104 125 127 130 133 154 160 166 170 171 177 182 183 188 189 197 201 203 206 210 215 216 220 221 225 235 238 241 242 246 249 253 256 264 268 271 273 277
@cp java/lang/classfile/ClassBuilder 7 8 29 33 37 38 43 48 57 62 79 83 87 90 97 101 104
@cp java/lang/classfile/ClassFileBuilder 1 2
@cp jdk/internal/classfile/impl/AbstractDirectBuilder 1 2 7 9 10 11 16 20 33 38 43
@cp java/lang/invoke/InvokerBytecodeGenerator$1 3 5 6 11 15 16 21 22 31 35 39 41 44 48 52 56 57 63 68 72 73 78
@cp jdk/internal/classfile/impl/ClassFileImpl 1 2 7 8 13 16 19 22 25 28 31 34 37 87 96 101 103 105 107 110 111 116 181
@cp java/lang/classfile/ClassFile 2 8 36
@cp java/lang/invoke/InvokerBytecodeGenerator$3 1 2 7 8 13 14 19 23 31 35 39 41
@cp jdk/internal/classfile/impl/AbstractPoolEntry$ClassEntryImpl 3 4 9 10 15 19 21 25 29 64 75
@cp java/lang/classfile/constantpool/LoadableConstantEntry 2
@cp jdk/internal/classfile/impl/AbstractPoolEntry$AbstractNamedEntry 1 2 7 8 15 17
@cp jdk/internal/classfile/impl/AbstractPoolEntry$AbstractRefEntry 1 2 8 13 14 19 23 26 27
@cp jdk/internal/classfile/impl/Util 4 14 16 24 27 45 59 60 64 90 92 99 122 123 128 133 137 142 147 148 188 189 194 230 232 236 240 256 258 262 263 271 375 436 437
@cp jdk/internal/classfile/impl/EntryMap 1 2 17 22 26 30 33 36 42 46 58 66
@cp jdk/internal/classfile/impl/SplitConstantPool 1 3 4 9 10 15 18 22 24 28 32 35 38 42 52 87 100 106 150 156 175 177 178 181 185 188 194 203 206 209 220 221 232 244 247 250 313 328 330 331 334 337 339 342 346 354 357 359 363 364 366 368 377 380 384 391 394 397 400 404 408 412 413 415 418 419 422 429 437 441 448 456 457 469 471 478 480 483 485 487 488 490 492 493 646
@cp java/lang/invoke/LambdaFormEditor$Transform 1 2 8 13 15 18 19 24 28 32 41 42 44 87 89 92 94 95
@cp java/lang/invoke/LambdaFormBuffer 1 3 4 9 13 14 16 20 24 27 30 31 37 41 59 63 71 73 83 86 90 93 135 136 140 144 148 157 199 207 215 219 222 226 229 236 244 246 249 253 259 263 264
@cp java/lang/invoke/LambdaFormEditor$TransformKey 1 3 4 9 13 38 66 68 121 123 124
@cp java/lang/invoke/LambdaFormEditor 3 4 9 10 15 16 21 24 28 34 36 47 54 56 87 89 91 96 100 101 110 115 119 123 163 167 171 180 188 196 199 202 206 209 213 217 221 225 229 233 237 240 253 256 259 262 266 284 543
@cp java/lang/invoke/DelegatingMethodHandle 3 4 10 19 22 32 57 79 92 96 98 102 115 116 124 128 132 136 140 152 153 158 164 172 179 184 198 206 209 215 217 218 223 236 238 239
@cp java/lang/invoke/DirectMethodHandle$Accessor 1 2 7 8 13 14 19 24 60
@cp java/lang/invoke/DirectMethodHandle$2 2 8 17
@cp java/lang/invoke/BoundMethodHandle$Species_L 1 2 7 8 17 21 26 27 32 36 37 74
@cp java/lang/invoke/SimpleMethodHandle 1 2 7 9
@cp java/lang/invoke/BoundMethodHandle$Specializer$Factory 1 2 7 9 14 18 22
@cp java/lang/invoke/ClassSpecializer$Factory 5 6 11 12 17 18 27 31 34 39 43 47 48 53 57 61 65 67 68 72 73 77 81 85 90 95 97 107 110 114 119 122 123 141 147 154 158 159 164 168 176 180 182 185 194 210 212 253 261 272 274 284 288 290 293 296 299 303 306 309 312 316 319 338 343 357 399 402 409 416 420 423 426 429 433 439 449 453
@cp java/lang/invoke/BoundMethodHandle$SpeciesData 2 7 8 14 19 21 25 29 30 35 37 38 42 44 47 49 55 58 60 64 67 75 79 83 88 92 122 123 157 164 168 171 175 179
@cp java/lang/invoke/ClassSpecializer$SpeciesData 1 2 7 8 13 14 19 20 25 27 31 36 41 42 46 50 58 61 64 67 114 118 121 146 149 151 155 159 163 167 169 170 171 177 182 184 187 191 263 266 267 289
@cp java/lang/invoke/ClassSpecializer$1 1 2
@cp java/lang/invoke/BoundMethodHandle$Specializer 3 5 7 10 15 17 19 26 37 38 45 48 50 53 57 61 65 74 84 99 104 114 119 124 129 134 139
@cp java/lang/invoke/ClassSpecializer 1 2 7 10 13 17 21 25 29 30 35 37 38 42 47 52 57 61 62 67 71 75 79 80 133 137 141 145 148 149 154 166 169 197 219 224 229 233 238 244 252 261 267 273 275 279 286 294 296
@cp java/lang/invoke/BoundMethodHandle 1 2 8 13 26 30 31 37 42 43 44 65 73 77 86 87 93 98 102 106 107 116 117 122 184 265 275 279 282 286
@cp sun/reflect/annotation/AnnotationParser 8 14 52
@cp java/util/EnumMap$1 1 2
@cp java/util/EnumMap 2 7 8 13 17 25 29 31 68 78 86 89 93 96 100 182 187 188 216 223 225
@cp java/util/stream/StreamOpFlag$MaskBuilder 3 4 9 10 15 16 22 27 32 37
@cp java/util/stream/StreamOpFlag$Type 1 23 29 34 39
@cp java/util/stream/StreamOpFlag 1 26 32 37 39 41 43 47 50 54 57 61 65 69 71 74 81 82 87 89 113 114 130 133 141
@cp java/util/stream/ReferencePipeline$Head 2 7
@cp java/util/stream/ReferencePipeline 2 7 10 17 55 72 81 86 91 94 102 197 248 250 264 267 280 283 284 290 295 296
@cp java/util/stream/AbstractPipeline 1 2 7 8 13 17 21 26 32 35 38 42 46 56 74 81 85 89 96 117 121 131 161 184 190 203 205 209 213 217 221 224 228 235 281 282
@cp java/util/stream/PipelineHelper 1 2
@cp java/util/stream/StreamSupport 8 13 16 21
@cp java/util/Spliterators$ArraySpliterator 2 7 8 12 16 20 25 30 40 41
@cp java/util/Spliterator 2 7 13
@cp java/util/Spliterators 31 34 45 50 113
@cp java/util/stream/Stream 74
@cp com/sun/management/internal/PlatformMBeanProviderImpl$1 1 2 7 16 22 27 31 34 39 40
@cp sun/management/spi/PlatformMBeanProvider$PlatformComponent 1 2 7 8 13 14 25 29 30 35 36 42 47 51 52 57 61 66 71 75 109 124
@cp java/lang/invoke/VarHandle$AccessType 1 29 34 38 42 44 48 67 72 81 83 85 93
@cp java/lang/invoke/VarHandle$AccessMode 1 101 107 112 116 120 219 221 222 233 236 282
@cp java/lang/invoke/Invokers 3 4 10 15 17 21 25 33 37 38 50 54 56 64 80 99 122 135 172 175 178 179 184 191 213 218 228 251 312 313 317 325 330 345 352 372 383 394 397 407 424 518 530 535 539 545 554 565 598 605 607 608 612 615 625 627 628
@cp sun/invoke/util/VerifyType 7 8 14 19 22 32 47 49
@cp java/lang/invoke/DirectMethodHandle$Constructor 1 2 7 8 13 32 38 45 53 54
@cp java/lang/invoke/MethodHandleImpl$Intrinsic 1 41 47 52 57
@cp java/lang/invoke/InvokerBytecodeGenerator$8 2 8 17 54 65 167 178 192 203
@cp java/lang/classfile/AttributeMapper$AttributeStability 1 23 29 34 39
@cp jdk/internal/classfile/impl/AbstractAttributeMapper$RuntimeVisibleAnnotationsMapper 6 11 12 22 23 29 34 35 44
@cp jdk/internal/classfile/impl/AbstractAttributeMapper 1 2 7 8 12 16 20 24 26 27 32 36 40 44 48
@cp java/lang/classfile/Attributes 24 144 169
@cp jdk/internal/classfile/impl/UnboundAttribute$UnboundRuntimeVisibleAnnotationsAttribute 2 7 8 14 19 20 30 37
@cp jdk/internal/classfile/impl/UnboundAttribute 1 2 7 8 13 14 19 20 27 28
@cp jdk/internal/classfile/impl/AbstractElement 1 2
@cp java/lang/classfile/attribute/RuntimeVisibleAnnotationsAttribute 1 3 8 14
@cp jdk/internal/classfile/impl/AnnotationImpl 1 2 8 14 19 20 25
@cp jdk/internal/classfile/impl/AbstractPoolEntry$Utf8EntryImpl$State 1 26 31 36
@cp jdk/internal/classfile/impl/AbstractPoolEntry$Utf8EntryImpl 1 2 7 8 13 17 21 26 29 30 35 41 45 48 51 54 58 120 121 132 154 160 172 173 180 183 187 198 206 209 215 220 225
@cp jdk/internal/classfile/impl/AbstractPoolEntry 1 5 6 11 15 24 29 33 37 41 42 47 51 52 57 61 64
@cp jdk/internal/classfile/impl/TemporaryConstantPool 1 2 7 9 32 34 71 73
@cp java/lang/classfile/constantpool/ConstantPoolBuilder 1 15 18 19 24 25 34 39 63 67 72 76 78 100 103 107 110 113 116 120 123 127
@cp java/lang/classfile/Annotation 2 13 15 20 29 34
@cp java/lang/invoke/InvokerBytecodeGenerator 1 5 8 14 20 28 33 34 40 45 49 51 52 56 57 62 66 73 74 83 89 92 96 104 108 111 115 118 122 126 128 132 133 138 145 157 158 163 166 170 171 176 177 191 204 212 220 223 226 229 233 239 247 248 254 258 262 264 267 274 278 282 283 292 294 301 303 304 312 314 317 332 333 338 341 357 366 368 371 374 375 380 390 395 401 423 433 435 445 453 467 470 474 478 489 525 532 541 554 562 566 570 571 578 580 585 586 590 596 599 603 605 607 615 618 622 638 641 649 651 654 658 660 663 667 671 672 676 680 712 726 729 732 735 742 745 748 752 756 761 764 766 770 788 791 798 801 804 807 811 815 818 822 824 828 864 938 1022 1040 1064 1068 1074 1084 1087 1164 1179 1183 1189 1195 1217 1242 1245 1274
@cp java/lang/invoke/LambdaForm$Name 1 3 4 9 10 15 19 23 27 42 48 50 55 58 66 69 76 81 86 93 259
@cp java/lang/reflect/Array 8
@cp java/lang/classfile/TypeKind 1 38 44 49 53 57 68 132 133 140 149 150 154 162
@cp java/lang/invoke/LambdaForm$BasicType 1 26 32 37 41 45 49 53 57 58 108 109 134 145 147 148 154 160 164 169 180 189 198 207
@cp java/lang/invoke/LambdaForm$Kind 1 200 206 211 215 218 222 228
@cp jdk/internal/util/WeakReferenceKey 1 2 8 13 14 23 25 29
@cp java/lang/invoke/MethodTypeForm 1 2 7 10 16 18 22 27 32 36 39 41 45 46 50 51 57 62 66 70 75 80 92 96 103 121 131 132 144 162
@cp jdk/internal/util/StrongReferenceKey 1 2 7 8 13 15 19 21 26
@cp jdk/internal/util/ReferencedKeyMap 7 8 10 11 16 20 24 25 30 32 34 35 43 45 46 48 51 65 70 83 87 89 178 203 218
@cp jdk/internal/util/ReferencedKeySet 2 7 8 13 14 23 62 65 67
@cp java/lang/invoke/MethodType$1 1 2 7 9 12 13
@cp java/lang/constant/DynamicConstantDesc$AnonymousDynamicConstantDesc 1 2
@cp jdk/internal/constant/PrimitiveClassDescImpl 2 8 13 19 21 22 27 28 89 128
@cp java/lang/constant/DynamicConstantDesc 3 4 10 15 17 18 24 29 33 35 43 48 59 61
@cp jdk/internal/constant/DirectMethodHandleDescImpl$1 2 8 17
@cp jdk/internal/constant/DirectMethodHandleDescImpl 1 2 8 15 21 31 36 41 50 53 57 61 63 64 73
@cp java/lang/constant/MethodHandleDesc$1 2 8 17
@cp java/lang/constant/MethodHandleDesc 2 7 8 25 32
@cp jdk/internal/constant/MethodTypeDescImpl 1 2 7 8 13 18 32 44 48 51 52 85 93 136 144 148 153 164 166 167 171 174
@cp java/lang/constant/MethodTypeDesc 2 8 13 16 38
@cp java/lang/constant/DirectMethodHandleDesc$Kind 3 43 49 54 58 62 102 106 126
@cp jdk/internal/constant/ConstantUtils 8 26 32 51 57 58 91 97 144 149 161 165 239 240 243 248
@cp jdk/internal/constant/ArrayClassDescImpl 4 9 10 21 43 52 68 71 72 74 77 149 179
@cp jdk/internal/constant/ClassOrInterfaceDescImpl 2 7 8 14 32 35 36 38 42 54 63 98 104 125 149 150
@cp java/lang/constant/ClassDesc 2 25 56
@cp java/lang/constant/ConstantDescs 8 13 16 22 28 34 45 232 237 291 350 353 370
@cp sun/invoke/util/Wrapper$Format 1 20 22 23
@cp sun/invoke/util/Wrapper 3 40 46 51 55 59 62 67 71 75 79 83 86 89 92 95 99 111 114 124 142 144 148 151 182 187 196 201 206 229 232 235 269 288 304 391 404 411
@cp java/lang/invoke/MethodHandleImpl$1 3 4 66 71 88
@cp java/lang/invoke/LambdaForm$NamedFunction 1 2 7 8 13 14 18 22 31 41 45 49 50 65 120 142 175 182 188 195 199 218 242 247 256
@cp java/lang/invoke/MethodHandleImpl 16 38 69 70 76 81 82 97 104 260 265 340 344 346 487 666 670 672 676 680 976 982 984 986
@cp jdk/internal/reflect/MethodHandleAccessorFactory$LazyStaticHolder 8 14
@cp java/util/ServiceLoader$ProviderImpl 1 2 7 8 13 16 20 28 72 73
@cp com/sun/management/internal/PlatformMBeanProviderImpl 1 2 7 8 14 19 23 25 26 28 31 35 37 38 40 41 43 44 46 48 53 55 58 86
@cp java/util/concurrent/CopyOnWriteArrayList$COWIterator 1 2 7 8 13 17
@cp java/util/ServiceLoader$2 1 2 7 8 13 14 19 25 28 31 35 36 41 45 46 55 59 61 63
@cp java/util/ServiceLoader$1 1 2 7 10 11 16 17 22 26 31
@cp java/util/ServiceLoader$LazyClassPathLookupIterator 1 2 7 8 13 15 16 43 44 64 66 69 73 148 154 155 159 170 176 185 195 204 205 233 237 241 271 290
@cp java/util/ImmutableCollections$ListItr 1 2 7 8 13 17 20 24 25
@cp java/util/ServiceLoader$ModuleServicesLookupIterator 1 2 7 8 13 14 19 22 26 40 44 45 51 60 66 71 86 87 92 102 117 121 125 126 130 136 147 150 151
@cp java/util/ServiceLoader 1 2 7 9 10 11 16 20 29 33 34 39 43 47 52 58 63 88 89 98 103 125 128 132 133 143 144 156 157 182 199 207 210 211 213 214 218 222 239 247 252 259 262 270 272 273 275 276 278 281 285 288 290 317 357 361
@cp sun/management/spi/PlatformMBeanProvider 1 2
@cp java/lang/management/ManagementFactory$PlatformMBeanFinder 8 13 14 23 24 29 30 39 40 49 50 55 59 61 62 66 79 83 87 88 93 95 96 99 104 108 109 113 116 117 121 123 124 126 127 128 130 131 135 138 151 203 229
@cp jdk/internal/loader/NativeLibraries$2 1 2 7 8 13 19 21 22
@cp jdk/internal/loader/NativeLibraries$NativeLibraryImpl 1 2 7 8 13 17 21 54 59
@cp jdk/internal/loader/NativeLibrary 1 2
@cp java/util/ArrayDeque$DeqIterator 1 2 7 8 13 14 19 23 26 29
@cp jdk/internal/loader/NativeLibraries$NativeLibraryContext$1 1 2 7 9 12 14 15
@cp jdk/internal/loader/NativeLibraries$NativeLibraryContext 8 14 19 21 22 23 28 34 38 40 44 47 51 55 58 60 83
@cp java/util/concurrent/locks/ReentrantLock$NonfairSync 1 2 8 13 14 19
@cp java/util/concurrent/locks/ReentrantLock$Sync 1 2 8 13 14 23 27 37 41
@cp java/util/concurrent/locks/AbstractQueuedSynchronizer 1 2 7 8 21 22 38 81 178 263
@cp jdk/internal/loader/NativeLibraries$CountedLock 1 2 7 8 36
@cp jdk/internal/loader/NativeLibraries$1 1 2 7 9 10 13 15 16 40
@cp jdk/internal/loader/NativeLibraries$LibraryPaths 8 14 20
@cp jdk/internal/reflect/Reflection$1Holder 8 14
@cp java/lang/management/ManagementFactory 10 19 82 151 156 157 165 166 178 182 328 362
@cp java/lang/PublicMethods$Key 7 8 14 23 24 33 34 40
@cp java/lang/PublicMethods$MethodList 1 2 7 8 14 26 31 34 46
@cp jdk/internal/misc/PreviewFeatures 8
@cp jdk/internal/misc/MethodFinder 15 21 28 32 33 38 39 45 50 55 67
@cp java/lang/NamedPackage 1 2 7 8 13 14 39 42 43 48
@cp sun/security/util/Debug 8 108
@cp java/security/SecureClassLoader$DebugHolder 10 16 30
@cp java/security/Permissions 1 2 7 8 13 15 18 22 124 227 229
@cp java/security/PermissionCollection 1 2 8 37
@cp java/security/SecureClassLoader$1 1 2 7 8 13 14 19 20 25 27 31 60
@cp java/security/SecureClassLoader$CodeSourceKey 1 2 7 8 13 14 20 54
@cp java/io/FileInputStream$1 1 2 7 8 13 14 19 20
@cp jdk/internal/misc/InnocuousThread 14 20 61 64 65 70 81 82 100 110 114 117 123 127 137 141 147
@cp jdk/internal/ref/CleanerImpl$CleanerCleanable 1 2
@cp jdk/internal/ref/CleanerImpl$CleanableList$Node 3 4 9 11 12
@cp jdk/internal/ref/CleanerImpl$CleanableList 1 2 7 8 12 14 15 19 36 37 41 44 48 50 51
@cp jdk/internal/ref/CleanerImpl 2 14 15 20 21 25 27 28 32 34 35 50 52 61 62 67 68 73 80 82 86 91
@cp java/lang/ref/Cleaner$1 1 2 7 8 13 14
@cp java/lang/ref/Cleaner 1 2 7 9 10 11 16 17 24 38 40
@cp jdk/internal/ref/CleanerFactory$1 1 2 12
@cp jdk/internal/ref/CleanerFactory 8 13 15 17
@cp java/io/FileCleanable 1 2 8 13 14 19 24 29 33 41 42 46 50 68
@cp jdk/internal/ref/PhantomCleanable 2 8 13 17 18 23 24 29 33 36 37 56 61 65 80 81
@cp jdk/internal/loader/URLClassPath$FileLoader$1 1 2 7 11 15 19 20 25 26 31 33 36 37
@cp jdk/internal/loader/Resource 1 2 7 8 13 17 20 28 34 39 40 52 57
@cp jdk/internal/loader/URLClassPath$FileLoader 1 2 7 8 14 19 20 26 38 41 45 46 51 57 60 77 83 87 93 97 99 128
@cp jdk/internal/loader/URLClassPath$Loader 1 2 7 8
@cp sun/net/util/URLUtil 7 9 10 11 29 34 40 43 47 51 59 62
@cp sun/launcher/LauncherHelper 8 52 53 143 145 183 611 612 756 761 788 794 811 812 817 828 835 866 873 1213
@cp jdk/internal/vm/Continuation$Pinned 1 26 31 36
@cp jdk/internal/vm/ContinuationSupport 8
@cp sun/net/www/protocol/jar/Handler 1 2
@cp java/util/ArrayDeque 3 4 20 24 44 45 49 88 92 95 120 126 133 135
@cp sun/net/util/IPAddressUtil$MASKS 1 9 16 21 22 28
@cp sun/net/util/IPAddressUtil 7 9 10 114 211 229 275 276 284 393 394 398 411
@cp sun/net/www/protocol/file/Handler 1 2 8 13 14 19
@cp java/net/URLStreamHandler 1 2 9 11 14 22 34 35 39 42 45 48 52 55 58 61 62 67 71 78 84 88 110 116 122 127 134 139 144 145 192 203 216 229
@cp sun/net/www/ParseUtil 1 14 26 27 32 44 61 74 78 136 139 142 189 197 201 204 207 213 348 361 362 370
@cp java/io/File$PathStatus 1 20 25 30
@cp java/net/URL$1 1 2
@cp java/net/URL$DefaultFactory 1 2 7 8 15 23 25 89
@cp jdk/internal/loader/URLClassPath 1 2 7 9 10 11 16 18 19 23 30 32 33 37 38 41 53 61 66 67 72 79 87 91 95 97 99 119 140 143 148 159 175 200 207 211 216 219 222 241 249 252 257 263 266 268 305 306 336
@cp java/lang/Module$EnableNativeAccess 8 17 18 23 31 35
@cp jdk/internal/loader/BootLoader 8 14 20 33 34 39 47 48 56 57 67 136 142 150 154 162 164
@cp java/util/concurrent/ConcurrentHashMap$KeySetView 1 2 7 8 13 17 18 41
@cp java/util/concurrent/ConcurrentHashMap$CollectionView 3 4 9 10
@cp jdk/internal/loader/ClassLoaderHelper 7 8 14 19 30 33
@cp java/util/WeakHashMap$KeySet 1 2 7 8 19
@cp java/util/Collections$SetFromMap 1 2 7 8 13 14 19 34 43 48
@cp java/util/WeakHashMap$Entry 1 2 7 8 13 17
@cp java/util/WeakHashMap 1 3 4 9 11 12 13 41 52 57 61 65 69 74 103 112 116 119 123 129 136 138 141 146 149 153 157 161 164 218 222 224 268
@cp java/lang/ClassLoader$ParallelLoaders 8 13 14 19 20 25 28 30 32 37
@cp java/net/URI$1 1 2
@cp jdk/internal/loader/ClassLoaderValue 1 2
@cp jdk/internal/loader/AbstractClassLoaderValue 1 2 13 18 19 24 31 39 86 87 92
@cp jdk/internal/module/ModuleBootstrap$Counters 8 14
@cp jdk/internal/module/ModuleLoaderMap$Modules 7 56 62 146
@cp jdk/internal/module/ModuleLoaderMap 8
@cp jdk/internal/module/ModuleBootstrap$IllegalNativeAccess 1 23 28 33
@cp jdk/internal/module/ModulePatcher 1 2 7 8 17 18 90 390
@cp jdk/internal/util/DecimalDigits 12 45 50
@cp java/io/WinNTFileSystem 1 5 6 16 18 24 32 42 43 46 53 54 59 63 69 72 77 80 84 88 94 98 101 104 111 115 117 130 137 147 148 152 155 181 211 214 219 222 234 343 344
@cp java/io/FileSystem 1 2 7 8
@cp java/io/DefaultFileSystem 7 9
@cp java/io/File 1 2 11 12 18 25 29 30 35 46 47 52 59 63 129 133 147 151 156 162 169 172 231 238 418 445 446 451 456 466 479
@cp java/lang/module/ModuleDescriptor$1 1 2
@cp sun/invoke/util/VerifyAccess 3 5 8 25 41 70 73 91 96 100 103 104 113 117 120 124 139 140 147 150 170
@cp java/util/KeyValueHolder 1 2 8 13 14 19
@cp java/util/ImmutableCollections$MapN$MapNIterator 1 2 7 8 13 14 19 23 28 32 39 43 45 51
@cp java/util/ImmutableCollections$MapN$1 1 2 7 8 19 21
@cp java/lang/StrictMath 1 31 78 333 334
@cp java/lang/invoke/MethodHandles$Lookup 1 3 13 17 20 24 28 29 38 46 50 58 86 91 119 137 182 246 266 269 272 301 332 336 340 344 350 355 361 372 386 394 411 416 435 446 449 457 469 505 509 519 535 538 541 542 548 553 559 564 582 603 608 615 621 628 630 633 640 643 646 648 649 653 657 660 661 664 666 698 714 734 750 778 782 799 806 810 815 818 841 849 856 857 861 864 867 870 873 875 879 889 896 902 907 917 925
@cp java/lang/invoke/MemberName$Factory 3 4 9 10 16 29 34 38 42 50 57 64 74 81 84
@cp java/lang/invoke/MethodHandles 8 20 22 26 48 57 61 85 182 183 188 193 194 227 236 237 242 247 291 367 371 372 381 382 388 414 419 423 436 467 493 520 527 539 556 650 1213 1217
@cp jdk/internal/module/ModuleBootstrap 8 45 50 66 71 77 86 95 96 117 124 233 261 263 271 272 276 280 288 384 410 415 417 418 424 491 493 507 547 597 620 625 641 757 813 814 873 874 879 1104
@cp java/util/concurrent/atomic/AtomicInteger 1 2 7 8 22 38 106
@cp java/util/HexFormat 1 2 10 15 17 18 24 28 30 40 322 323 328
@cp jdk/internal/util/ClassFileDumper 2 8 13 14 18 22 26 30 60 61 63 65 66 71 76 83 92 232 238 247 252 256
@cp java/lang/CharacterDataLatin1 2 38 39 44
@cp java/lang/CharacterData 1 2 14
@cp java/lang/reflect/ClassFileFormatVersion 1 92 97 101 166
@cp java/lang/invoke/MethodHandleStatics 8 17 18 36 50 51 59 82 141 151 156 170 171 176 191 195
@cp jdk/internal/ref/Cleaner 2 66 68
@cp java/util/Collections$EmptyMap 1 2 8
@cp java/util/Collections$EmptyList 1 2 8
@cp java/util/Collections$EmptySet 1 2 8
@cp java/util/Collections 2 8 13 19 120 154 179 180 182 184 211 212 214 215 217 220 221 355 380 382 384 386 387 389 390 392 393 395 463 464 469 471 491 493 494 496 497 499
@cp java/lang/ref/Finalizer$FinalizerThread 3 4 9 10 16 22 27 28
@cp java/lang/Thread$ThreadIdentifiers 8 17 18 28
@cp java/lang/ref/Reference$ReferenceHandler 1 2 8 13 15 20
@cp java/lang/Thread$State 1 32 37 42
@cp sun/io/Win32ErrorMode 8 16 38
@cp jdk/internal/misc/OSEnvironment 8
@cp jdk/internal/misc/Signal$NativeHandler 1 2 7 8
@cp java/util/Hashtable$Entry 1 2 7 8 13 17 20
@cp jdk/internal/misc/Signal 1 2 7 12 33 34 38 43 62 86 91 92 100 140
@cp java/lang/Terminator$1 1 2
@cp jdk/internal/misc/Signal$Handler 1 3 8
@cp java/lang/Terminator 8 13 15 16 20
@cp java/io/BufferedWriter 2 16 18 19 31 35 39 43 50 58 64 74 78 82 86 100 105 106 115
@cp java/nio/charset/CoderResult 1 2 7 8 13 114 117 118 122
@cp java/nio/HeapCharBuffer 1 2 8 13 171 172 182 183 188
@cp java/nio/CharBuffer 1 2 7 8 13 27 29 32 69 102 189 216 221 224 342 350 351
@cp java/nio/ByteOrder 1 2 7 8 19 29 34
@cp java/nio/HeapByteBuffer 1 2 8 13 238 239 249 250 255
@cp java/nio/Buffer$2 1 2
@cp java/nio/Buffer$1 1 2
@cp jdk/internal/misc/ScopedMemoryAccess 2 7 8 37 1280
@cp java/nio/ByteBuffer 1 2 7 8 14 23 26 30 49 51 54 88 172 177 180 189 192 208 293 299 307 308
@cp sun/nio/cs/GBK$EncodeHolder 8 17 25
@cp sun/nio/cs/DoubleByte$Encoder 4 9 10 14 18 22 26 29 50 51 56 60 63 66 67 70 71 72 74 80 85 86 108 111 118 148 151 152 172 178 179
@cp java/nio/charset/CharsetEncoder 1 2 8 13 14 18 21 25 29 44 48 52 55 59 63 74 80 85 90 92 95 96 101 105 108 115 120 124 129 134 138 139 146 150 157 168 171 322 323 327
@cp sun/nio/cs/StreamEncoder 1 2 16 21 31 37 45 49 57 64 74 79 91 96 101 102 107 110 111 115 118 122 126 130 134 139 144 148 153 157 160 167 171 174 175 179 195 204 208 209 216 230 233 239 242 247 282 283
@cp java/io/OutputStreamWriter 1 2 15 20 21 50 58
@cp java/io/Writer 7 8 10 11 27 28 33
@cp java/io/BufferedOutputStream 16 18 19 31 32 37 41 49 52 55 59 60 80 84 89 94
@cp java/io/PrintStream 10 28 29 33 37 40 50 53 55 58 62 64 67 79 97 106 110 137 144 147 148 151 154 184 185 190
@cp java/io/FilterOutputStream 1 2 7 9 10 11 16
@cp java/io/BufferedInputStream 2 15 22 35 44 47 48 52 60 61 189
@cp java/io/FilterInputStream 1 2 7 8
@cp java/lang/System$Out 1 2 8 24
@cp java/io/FileOutputStream 8 12 13 17 19 20 37 41 44 48 90 91 106 147
@cp java/io/OutputStream 1 2
@cp java/io/FileDescriptor$1 1 2 8 13 17 41
@cp java/io/FileDescriptor 1 2 7 8 15 27 44 48 49 56 61 64 67 71 84 100 102 117 119 121 126
@cp java/lang/System$In 1 2
@cp java/io/FileInputStream 1 8 12 13 17 19 20 24 33 37 41 43 44 48 52 56 64 95 218 221 228 230 233
@cp jdk/internal/util/StaticProperty 7 8 32 86 155 156
@cp java/util/HashMap$EntryIterator 1 2 7 8 13
@cp java/util/HashMap$HashIterator 1 2 7 8 13 14 19 22 26 30 33 36 45 46
@cp java/util/HashMap$EntrySet 1 2 7 8 22 24
@cp java/util/concurrent/ConcurrentHashMap$ReservationNode 3 4
@cp java/util/concurrent/locks/ReentrantLock 1 2 7 9 10 11 19 20 41
@cp java/lang/Runtime 2 7 8 40 113 135 148 182
@cp java/lang/VersionProps 9 13 14 33 34 224
@cp java/lang/StringConcatHelper 1 4 15 35 43 51 73 109 116 139 144 145
@cp java/util/LinkedHashMap$Entry 1 2
@cp java/lang/StringCoding 7 8 13 18
@cp java/nio/charset/CodingErrorAction 1 2 7 8 15
@cp java/lang/StringUTF16 3 12 397 398 404 409
@cp sun/nio/cs/DoubleByte 10 17 23
@cp sun/nio/cs/GBK$DecodeHolder 7 262 274 278
@cp sun/nio/cs/DoubleByte$Decoder 4 9 10 16 33 34 39 42 46 49 54 57 58 63 67 70 73 74 78 79 80 86 91 92 100 103 129 132 133
@cp java/nio/charset/CharsetDecoder 1 2 8 13 14 18 21 25 40 44 48 51 57 62 63 72 77 81 88 99 100 105 108 109 237 238
@cp jdk/internal/reflect/DirectConstructorHandleAccessor 1 3 7 9 12 13 17 18 23 27 54 86 87
@cp jdk/internal/reflect/MethodHandleAccessorFactory 2 8 14 19 20 52 56 57 60 65 66 98 116 117 122 123 128 142 147 225 232 233 242 246 251 252 278 296 297 302 310 311 315 325 326
@cp java/util/Objects 2 14 19 24 37 106
@cp jdk/internal/reflect/Reflection 8 17 18 24 33 38 39 45 59 85 93 115 116 140 142 146 151 185 186 191 196 198 262 275 277
@cp java/lang/Class$Atomic 8 17 18 33 37
@cp java/lang/Class$ReflectionData 1 2 7 8 13 15
@cp sun/nio/cs/GBK 4 9 10 29 32 41 44 47 54
@cp sun/nio/cs/StandardCharsets$Classes 3 4 9 256
@cp sun/nio/cs/UTF_32 4 9 10
@cp sun/nio/cs/UTF_32LE 4 9 10
@cp sun/nio/cs/UTF_32BE 4 9 10
@cp sun/nio/cs/UTF_16 4 9 10
@cp sun/nio/cs/UTF_16LE 4 9 10
@cp sun/nio/cs/UTF_16BE 4 9 10
@cp java/nio/charset/StandardCharsets 15 21 27 35 42 44 48 50 54 56 60 62 66 68 72 74
@cp sun/nio/cs/US_ASCII 4 9 10 17 27 35
@cp sun/nio/cs/ISO_8859_1 4 9 10 19 29
@cp sun/nio/cs/UTF_8 4 9 10 39 41 49
@cp sun/nio/cs/Unicode 1 2
@cp sun/nio/cs/StandardCharsets$Cache 3 4 9 146
@cp jdk/internal/util/ArraysSupport 1 21 30 31 41 54 65 81 211 254 286
@cp sun/nio/cs/StandardCharsets$Aliases 3 4 9 638
@cp sun/util/PreHashedMap 1 2 7 8 13 16 19 22 24 28 32 37 41 45 46 61
@cp java/util/Arrays 2 14 86 90 91 96 151 176 246 305 310 597 631 697
@cp jdk/internal/util/Preconditions$3 1 2
@cp jdk/internal/util/Preconditions$2 1 2
@cp jdk/internal/util/Preconditions$4 1 2 7 8
@cp jdk/internal/util/Preconditions$1 1 2
@cp jdk/internal/util/Preconditions 24 55 57 114 116 125 127 131 133
@cp java/lang/StringLatin1 1 14 29 39 45 67 103 107 126 239 240
@cp sun/nio/cs/StandardCharsets 1 482 520 521 528 532 538 542 543 548 551 553 554 557 559 560 563 565 569 574 581 588 595 619 623 627 629 632 636 650 653 655 657 659 662 665 666 671 672 681 685 694
@cp java/nio/charset/spi/CharsetProvider 1 2
@cp java/nio/charset/Charset 1 2 13 18 26 50 70 72 90 167 172 176 177 199 202 288 290
@cp jdk/internal/util/SystemProps$Raw 1 3 4 13 20 22 27 141
@cp jdk/internal/util/SystemProps 8 22 24 25 31 32 37 52 75 81 153 155 159 165 166
@cp java/lang/System$1 1 2 7 8 13 17 44 69 70 91 93 96 136 141 149 157 168 178 240 256 258 277
@cp java/lang/ref/ReferenceQueue$Lock 1 2 17
@cp java/lang/ref/ReferenceQueue$Null 1 2
@cp java/lang/ref/ReferenceQueue 1 2 7 8 13 15 16 39 57 62 67 73 118 122 130 131 135 137
@cp java/lang/ref/Reference$1 1 2 8 13 17 18 23 29
@cp jdk/internal/reflect/ReflectionFactory$Config 1 2 7 8 13 44
@cp java/lang/Math 1 3 12 71 345 346
@cp jdk/internal/reflect/ReflectionFactory 1 2 8 13 14 23 24 36 46 51 57 58 63 64 80 88 96 100 265 288 352 353 363 378 383 384 390 400 403
@cp jdk/internal/access/SharedSecrets 8 16 59 79 206 211 212
@cp java/lang/reflect/ReflectAccess 1 2 8 14 19 26 27 37 40 41 50
@cp jdk/internal/misc/CDS 2 8 17 19 20 26 36 37 50 56 60 64 74 129 130 134 144 145 149
@cp jdk/internal/misc/VM 1 2 8 38 86 87 92 112 117 122 139 150
@cp java/lang/String$CaseInsensitiveComparator 1 3 4
@cp java/io/ObjectStreamField 1 2 7 8 15 19 23 27 31
@cp java/lang/Module$ArchivedData 1 2 8 13 14 22 28 34 37 43
@cp jdk/internal/module/ArchivedBootLayer 1 2 7 8 17 21
@cp jdk/internal/loader/BuiltinClassLoader$LoadedModule 1 2 21 22 33 34 43 47 51
@cp java/util/HashSet 1 2 7 9 10 11 49 50 60 68 80 225
@cp java/util/AbstractSet 1 2
@cp jdk/internal/module/ServicesCatalog$ServiceProvider 1 2 7 8 13
@cp java/util/concurrent/CopyOnWriteArrayList 1 2 7 8 13 20 30 46 281 283
@cp jdk/internal/module/ServicesCatalog 1 2 7 9 12 13 18 19 20 25 32 40 50 51 68 69 74 88 94 97 102 114 121 122 130 136
@cp java/util/concurrent/ConcurrentHashMap$Node 1 2 7 8 13 17 20 23
@cp jdk/internal/loader/NativeLibraries 1 3 7 8 12 14 15 19 23 27 31 32 37 41 42 47 48 52 56 58 62 63 75 78 83 87 88 114 125 126 139 144 145 147 157 162 169 176 202 205 223 227 232 240 244 247 251 259 261 262 266 268 271 273 274 285
@cp jdk/internal/loader/ClassLoaders$BootClassLoader 1 2 8 13 14
@cp jdk/internal/loader/ArchivedClassLoaders 1 2 8 13 14 22 28 33 42 47 53 59
@cp jdk/internal/math/FDBigInteger 1 2 7 8 13 17 21 24 45 147 201 202 276
@cp java/lang/ModuleLayer 1 2 7 8 13 17 18 24 30 35 85 112 130 137 141 142 146 150 154 241 263 268 300 347 372 373 377 379 380 387 396
@cp java/util/ImmutableCollections 1 2 10 12 14 18 20 21 30 38 43 47 64 73 74 81 87 111 120
@cp jdk/internal/module/ModuleLoaderMap$Mapper 1 2 22 23 28 51 61 65 66 71 73 83 88
@cp java/lang/module/ResolvedModule 1 2 15 16 23 41
@cp java/lang/module/Configuration 1 2 7 8 14 19 24 28 37 41 50 58 65 66 71 96 131 247 291 292 297 302
@cp java/util/HashMap$Node 1 2 7 8 13 17 20
@cp java/util/HashMap 1 2 35 40 43 44 71 81 88 93 96 100 101 105 110 117 121 125 126 131 132 137 141 143 146 152 156 158 162 163 168 170 173 177 180 186 198 202 205 239 259 263 265 266 268 270 375 390
@cp java/util/Collections$UnmodifiableMap 1 2 10 11 17 33
@cp jdk/internal/module/ModuleHashes 1 2 13 15 16 27
@cp jdk/internal/module/ModuleTarget 1 2 7 8
@cp java/lang/module/ModuleDescriptor$Opens 1 2 13 14 19 23
@cp java/util/ImmutableCollections$ListN 1 2 7 8 13 35 36 45 114
@cp jdk/internal/module/SystemModuleFinders$2 1 2 7 8
@cp jdk/internal/module/SystemModuleFinders$1 1 2 7 8
@cp java/net/URI 1 3 4 9 44 48 51 53 54 58 61 64 68 83 86 116 119 123 165 168 180 190 206 211 257 265 511 512 516 518 520
@cp java/util/ImmutableCollections$List12 1 2 8 13 14 20 24 32 49 53 57 58 63
@cp java/util/ImmutableCollections$AbstractImmutableList 1 2 13 14 61 63 89
@cp java/lang/module/ModuleDescriptor$Provides 1 2 7 8 14 19 24 43 46
@cp java/lang/module/ModuleDescriptor$Exports 1 2 13 14 19 23 62 90
@cp java/lang/module/ModuleDescriptor$Requires$Modifier 1 26 31 35 48
@cp java/lang/module/ModuleDescriptor$Requires 1 2 8 22 26 30 34 87 97 111 121 150 151
@cp java/util/ImmutableCollections$Set12 1 2 8 13 14 20 24 27 28 54
@cp java/lang/module/ModuleDescriptor$Version 1 2 7 12 17 18 27 28 55 57 61 71 75 79 82 85
@cp java/lang/module/ModuleDescriptor 1 2 8 16 20 24 33 47 53 81 84 87 90 93 96 99 102 110 111 116 166 190 199 308 309 311 313 348 349 353 355 357
@cp jdk/internal/module/ModuleReferenceImpl 9 10 15 16 21 25 29 33 37 41 88 91
@cp java/lang/module/ModuleReference 1 2 15 16 21
@cp java/util/ImmutableCollections$SetN 3 4 9 10 15 17 21 47 57 62 67 81 85 86
@cp java/util/ImmutableCollections$AbstractImmutableSet 1 2
@cp java/util/Set 15 17 21 24 26 28 31 33
@cp java/util/ImmutableCollections$AbstractImmutableCollection 1 2
@cp jdk/internal/module/SystemModuleFinders$SystemModuleFinder 1 2 13 14 20 25 42
@cp jdk/internal/module/ArchivedModuleGraph 1 2 7 8 13 16 20 24 28 32 60
@cp sun/util/locale/BaseLocale 1 2 7 8 13 16 19 24 37 191
@cp java/util/ImmutableCollections$MapN 3 4 16 17 22 24 29 34 57 61 65 67 71
@cp java/util/ImmutableCollections$AbstractImmutableMap 1 2
@cp java/util/jar/Attributes$Name 2 7 8 13 17 18 22 26 30 31 36 47 54 62
@cp java/lang/Character$CharacterCache 7 9 10 16 22 31
@cp java/lang/Short$ShortCache 7 9 10 16 31
@cp java/lang/Byte$ByteCache 7 9 10 16 31
@cp java/lang/Long$LongCache 7 9 10 16 33
@cp java/lang/Integer$IntegerCache 7 9 10 16 24 50 66
@cp java/lang/Void 10 16
@cp java/lang/Long 1 18 267 268 270 343
@cp java/lang/Integer 1 5 7 108 118 182 192 195 196 198 287
@cp java/lang/Short 1 102 103 105 135
@cp java/lang/Byte 1 97 98 100 128
@cp java/lang/Double 1 105 113 114 118 166
@cp java/lang/Float 1 42 50 51 55 131 132
@cp java/lang/Number 1 2
@cp java/lang/Character 1 19 41 42 48 60 159 239 252 369 370
@cp java/lang/Boolean 1 2 7 8 17 22 23 46 50 79
@cp java/util/concurrent/locks/AbstractOwnableSynchronizer 1 2 7 8
@cp java/nio/Buffer 3 4 9 10 15 22 25 33 37 81 115 134 135 141 151 160 162 167 169 171
@cp java/util/ArrayList 1 2 7 9 10 42 43 48 52 58 63 69 74 80 111 113 119 123 129 131 135 267 269
@cp java/util/AbstractList 1 2 7 8
@cp java/util/List 91 96 98 100 103
@cp java/util/AbstractCollection 1 2 7 8 13 17 18 23 41 45 46
@cp java/util/Collection 10 51 55
@cp java/lang/Iterable 7 8 13 14 19
@cp java/util/concurrent/ConcurrentHashMap 3 6 11 21 30 67 68 73 75 79 83 84 90 113 116 122 128 136 139 143 147 154 158 174 178 182 199 212 247 283 285 288 292 294 374 383 384 398 399 400 414 416 430 434 441 454 466 469 472 720 724 740 749 753 762
@cp java/util/AbstractMap 1 2 8 62
@cp java/security/CodeSource 1 2 7 8 13 17 21 26 31
@cp jdk/internal/loader/ClassLoaders$PlatformClassLoader 3 4 10
@cp jdk/internal/loader/ClassLoaders$AppClassLoader 3 4 20
@cp jdk/internal/loader/ClassLoaders 8 13 18 24 37 72 84 89 93 95 98 102 104 112 115 119 125 133 136 138 139
@cp jdk/internal/loader/BuiltinClassLoader 2 8 13 14 19 23 27 29 32 35 38 42 59 60 81 96 97 102 106 113 118 122 163 248 265 273 287 291 295 298 304 308 319 323 326 330 337 338 343 354 358 376 380 384 500 504 505 510 517 521
@cp java/util/jar/Manifest 1 2 10 11 19 23 27 30
@cp java/lang/Enum 1 2 7 11 12 17 21 29 39 40
@cp java/net/URL 1 2 7 10 11 15 19 26 30 31 38 55 70 77 83 86 89 94 103 107 112 119 130 133 137 143 152 157 160 161 191 231 239 254 266 269 333 358 437 446 447 458 502 506 509 559 561 562 563 565 569 578 580 582
@cp java/io/ByteArrayInputStream 1 2 7 8 13 17 20 36 80 81
@cp java/io/InputStream 3 4
@cp jdk/internal/module/Modules 8 322 323
@cp jdk/internal/misc/Unsafe 2 7 8 20 30 42 58 62 101 105 109 110 115 119 122 125 129 133 136 162 186 189 193 258 269 273 276 280 284 305 310 322 346 358 361 364 368 412 462 489 492 512 518 681 687 745 856 859 907
@cp jdk/internal/misc/UnsafeConstants 8
@cp java/lang/StringBuilder 1 2 18 24 29 38 50 53 137 143 338 348
@cp java/lang/AbstractStringBuilder 1 3 4 10 15 22 32 40 47 48 73 79 83 88 100 104 109 115 156 202 226 240 309 402 407 408 409
@cp java/lang/invoke/ConstantCallSite 1 2 7 8 17 18 30 37
@cp java/lang/invoke/CallSite 1 2 8 13 17 18 108 205 215 217 232 233
@cp java/lang/invoke/MethodType 1 3 4 9 13 17 22 28 41 44 87 88 96 111 114 122 151 152 159 165 170 197 200 203 207 238 260 263 270 273 302 309 350 386 387 391 393 542 545 547 552 554
@cp java/lang/invoke/LambdaForm 1 5 6 11 15 18 21 25 29 33 37 41 44 66 73 86 87 92 107 126 129 141 145 172 177 193 201 209 212 215 230 245 249 254 265 277 299 302 305 307 311 314 326 334 335 343 371 374 392 414 446 490 504 536 598 679 693 696 734 736 737 753 760 762 763 781 785 790 794 805 808 817 843
@cp java/lang/invoke/MethodHandleNatives 4 10 56 59 90 95 118 120 121 124 127 139 166 168 172 381 436 441 445 491 495 502 524 532 548
@cp java/lang/invoke/MemberName 1 3 7 12 17 25 29 33 36 41 50 80 92 120 123 126 130 133 136 149 165 176 182 185 209 308 312 325 336 338 368 387 391 400 401 422 436 450 452 455 461 478 482 575
@cp java/lang/invoke/DirectMethodHandle 1 3 7 9 11 12 17 18 28 32 33 37 41 44 47 49 53 57 65 80 84 87 90 93 97 106 107 112 115 130 132 136 143 160 162 182 188 196 201 203 207 248 251 277 282 285 292 299 333 338 346 354 356 363 368 376 382 395 398 405 413 418 422 430 432 434 440 441 446 462 465 468 496 503 509 512 535 658 666 671 680 740 743 745 758 765
@cp java/lang/invoke/MethodHandle 3 4 9 10 16 21 23 25 29 33 68 71 74 78 88 91 98 125 138 142 143 148 176 179 191 196 215 222 229 232 280 284 287 294 331 334 337 466 467 468 472 489 505 527 530 559 579 583
@cp jdk/internal/reflect/DirectConstructorHandleAccessor$NativeAccessor 1 2 7 8
@cp jdk/internal/reflect/ConstructorAccessorImpl 1 2
@cp jdk/internal/reflect/ConstantPool 8 86 92
@cp jdk/internal/reflect/MethodAccessorImpl 1 2
@cp jdk/internal/vm/Continuation 2 41 202 257 273 395 396 405 410 416
@cp java/lang/reflect/Constructor 12 13 18 39 40 45 49 53 56 60 63 67 71 81 84 89 94 98 102 105 203 207 211 215 219 220 225 232 235 244 245 251 255 337
@cp java/lang/reflect/Method 1 2 18 22 43 44 49 53 56 60 63 66 70 73 77 80 90 93 98 103 107 111 234 237 252 257 262 265 275 284 291 292 298 302 360 378
@cp java/lang/reflect/Executable 1 2 8 13 14 19 20 26 31 211 339 344 348 349 353 366 369 373
@cp java/lang/reflect/AccessibleObject 2 14 23 30 40 43 63 67 81 179 183 189 190 207 216 231 233 243 274 276 278 284
@cp java/lang/Module 1 2 7 8 14 19 22 26 30 34 50 60 69 74 75 87 92 104 110 132 166 192 196 243 250 253 256 260 261 265 269 322 359 360 364 385 393 440 468 476 508 560 792 796 800 803 806 809 812
@cp java/util/Properties 1 2 9 10 14 16 19 23 31 32 79 298 301 373 374
@cp java/util/Hashtable 3 4 9 10 37 47 51 53 59 64 68 85 100 112 126 129
@cp java/util/Map 1 2 16 67 82 91 93 95 103
@cp java/util/Dictionary 1 2
@cp java/lang/ThreadGroup 1 2 7 8 15 21 25 30 35 39 53 223 238 242 252 256 258 268 289
@cp java/lang/Thread$FieldHolder 1 2 7 8 13 17 21
@cp java/lang/Thread 2 7 32 36 111 123 124 131 133 136 144 148 149 156 160 166 170 179 183 201 205 210 260 282 284 291 294 312 317 325 326 335 338 342 351 369 396 399 403 406 410 413 415 423 436 457 462 486 490 526
@cp java/lang/ref/Finalizer 2 69 88 112 114 117 121 125 126 131 133 134 136
@cp java/lang/ref/PhantomReference 2 7 11 12
@cp java/lang/ref/WeakReference 1 2 7
@cp java/lang/ref/SoftReference 1 2 8 13 19
@cp java/lang/ref/Reference 1 2 8 42 56 60 64 66 70 74 77 80 84 87 111 114 115 116 120 122 124
@cp java/lang/LinkageError 2 7
@cp java/lang/Record 1 2
@cp java/security/SecureClassLoader 2 7 9 12 13 21 24 28 35 37 38 40 43 45 48 49 54 56
@cp java/security/ProtectionDomain 1 2 7 8 13 17 21 22 26 28 31 35 37 41
@cp java/lang/Exception 1 2 7
@cp java/lang/Error 2 23
@cp java/lang/Throwable 1 2 7 8 17 24 27 45 84 114 182 202 312
@cp java/lang/System 8 25 62 68 80 81 86 93 104 126 161 188 191 193 195 199 205 210 217 271 272 276 278 282 283 288 289 293 297 299 302 307 319 322 346 352 355 360 363 367 370 372 390 401 402 409 450 456 461 465 467
@cp java/lang/ClassLoader 1 2 7 8 13 17 18 23 25 29 50 51 63 64 66 67 69 73 76 79 83 85 90 94 97 101 104 108 112 114 117 121 126 131 134 138 145 147 151 153 156 160 163 164 166 169 182 192 246 265 275 284 288 292 296 297 299 302 306 314 318 326 359 362 380 392 411 446 453 464 490 509 650 666 699 752 756 761 766 770 774 777 796
@cp java/lang/Class 2 8 12 16 20 28 34 41 45 46 57 68 92 161 190 213 218 219 227 234 280 297 301 302 307 308 322 342 346 349 353 372 380 384 388 394 399 483 487 488 491 502 511 535 574 577 593 599 601 648 678 682 683 784 788 791 794 795 799 802 806 807 811 874 878 881 884 891 915 951 966 971 974 975 1005 1168 1173 1178 1192 1261
@cp java/lang/reflect/AnnotatedElement 1 2
@cp java/lang/String 1 2 9 10 15 19 23 27 42 55 75 79 84 87 93 107 117 124 133 137 139 193 197 253 257 258 262 264 265 320 496 509 565 566 568 575 591 598 640 655 663 678 701 710 714 730 731 772 778 783 792 794 799 801 804 807 811 815 816 1020 1021 1060 1067 1097 1109 1115 1117
@cp java/lang/CharSequence 1 2
@cp java/lang/Object 8 38 50 55 57
